2023-03-18T16:23:37.515Z: Successfully connected to {localhost}
2023-03-18T16:23:37.519Z: Query result: [{"config_id":1,"status":"pending","triggerstatus":"active","cron_expression":null,"created_at":null,"updated_at":null,"start_at":null,"sending":true,"data_source":"csv"}]
2023-03-18T16:24:53.437Z: Error connecting to {data-platform.ckghnqcooulj.ap-southeast-1.redshift.amazonaws.com}
2023-03-18T16:24:53.438Z: Error executing query: connect ETIMEDOUT 13.251.121.192:5439
2023-03-18T16:26:02.055Z: Successfully connected to {localhost}
2023-03-18T16:26:02.058Z: Query result: [{"config_id":1,"status":"pending","triggerstatus":"active","cron_expression":null,"created_at":null,"updated_at":null,"start_at":null,"sending":true,"data_source":"csv"}]
2023-03-18T16:27:17.049Z: Error connecting to {data-platform.ckghnqcooulj.ap-southeast-1.redshift.amazonaws.com}
2023-03-18T16:27:17.050Z: Error executing query: connect ETIMEDOUT 13.251.121.192:5439
2023-03-18T16:28:18.516Z: Successfully connected to {data-platform.ckghnqcooulj.ap-southeast-1.redshift.amazonaws.com}
2023-03-18T16:30:48.332Z: Successfully connected to {localhost}
2023-03-18T16:30:48.335Z: Query result: [{"config_id":1,"status":"pending","triggerstatus":"active","cron_expression":null,"created_at":null,"updated_at":null,"start_at":null,"sending":true,"data_source":"csv"}]
2023-03-18T16:31:20.079Z: Successfully connected to {localhost}
2023-03-18T16:31:20.082Z: Query result: [{"config_id":1,"status":"pending","triggerstatus":"active","cron_expression":null,"created_at":null,"updated_at":null,"start_at":null,"sending":true,"data_source":"csv"}]
2023-03-18T16:31:22.657Z: Successfully connected to {data-platform.ckghnqcooulj.ap-southeast-1.redshift.amazonaws.com}
2023-03-18T16:31:26.086Z: Query result: [{"dw_regdate":"2018-06-25T09:37:16.000Z","dw_changedate":"2021-03-03T10:16:34.000Z","sk_player":"9902","sk_site":15,"sk_language":46,"sk_country":44,"playerid":2487,"player_id_global":"c1202b18-0085-4350-bcca-7f7c5c8a8e89","webfront_id":2905,"siteid":1,"created":"2015-05-22T11:35:41.000Z","updated":"2021-03-03T10:12:15.000Z","signup_completed":"2015-05-22T11:35:41.000Z","playertoken":"s2qaicny551720","display_name":"YellowSpring5733","currency":"CNY","language":"en","country":"CN","newsletter":0,"textmessage":1,"phone_call":1,"playerflag":1,"classificationcode":"UNK","kyc_verification_status":0,"bpcode":"HAPPYLUKE","track_system":"UNK","track_clicktag":"UNK","track_affiliate":"UNK","track_campaign":"UNK","track_banner":"UNK","last_login":"2015-06-08T17:42:33.000Z","tried_deposit":"2015-06-08T17:46:04.000Z","first_deposit":"1900-01-01T00:00:00.000Z","first_deposit_amt":"0.0000","second_deposit":"1900-01-01T00:00:00.000Z","second_deposit_amt":"0.0000","third_deposit":"1900-01-01T00:00:00.000Z","third_deposit_amt":"0.0000","latest_deposit":"1900-01-01T00:00:00.000Z","latest_deposit_amt":"0.0000","num_deposits":0,"sum_deposited":"0.0000","base_deposited":"0.0000","num_withdrawals":0,"sum_withdrawn":"0.0000","base_withdrawn":"0.0000","last_noteid":5526085,"highlighted_note":0,"highlighted_codes":"UNK","locked_until":"1900-01-01T00:00:00.000Z","blocked":"2021-03-03T10:12:15.000Z","block_code":"OTHER","block_subcode":"UNK","block_reason":"TEST ACCOUNT BLOCKED","migrated_id":"UNK","member_points":75,"member_coins":75,"member_level":1,"badge_level":0}]
2023-03-18T16:31:36.367Z: Successfully connected to {localhost}
2023-03-18T16:31:36.370Z: Query result: [{"config_id":1,"status":"pending","triggerstatus":"active","cron_expression":null,"created_at":null,"updated_at":null,"start_at":null,"sending":true,"data_source":"csv"}]
2023-03-18T16:32:51.418Z: Error executing query: connect ETIMEDOUT 13.251.121.192:5439
2023-03-18T16:32:51.419Z: Error connecting to {data-platform.ckghnqcooulj.ap-southeast-1.redshift.amazonaws.com}
2023-03-18T16:33:53.014Z: Successfully connected to {data-platform.ckghnqcooulj.ap-southeast-1.redshift.amazonaws.com}
2023-03-18T16:37:18.187Z: Successfully connected to {localhost}
2023-03-18T16:37:18.188Z: Query result: [{"config_id":1,"status":"pending","triggerstatus":"active","cron_expression":null,"created_at":null,"updated_at":null,"start_at":null,"sending":true,"data_source":"csv"}]
2023-03-18T16:38:10.350Z: Error connecting to {localhost}
2023-03-18T16:38:10.351Z: Error executing query: connect ECONNREFUSED ::1:5432
2023-03-18T16:38:11.888Z: Successfully connected to {data-platform.ckghnqcooulj.ap-southeast-1.redshift.amazonaws.com}
2023-03-18T16:38:13.355Z: Query result: [{"dw_regdate":"2018-06-25T09:37:16.000Z","dw_changedate":"2021-03-03T10:16:34.000Z","sk_player":"6557","sk_site":15,"sk_language":46,"sk_country":205,"playerid":51,"player_id_global":"d803eccb-1b01-4fd4-b690-8e7a3863b837","webfront_id":74,"siteid":1,"created":"2014-11-27T06:53:53.000Z","updated":"2021-03-03T10:12:16.000Z","signup_completed":"2014-11-27T06:53:53.000Z","playertoken":"s2betusd107783","display_name":"RedSummer7654","currency":"USD","language":"en","country":"SE","newsletter":0,"textmessage":1,"phone_call":1,"playerflag":1,"classificationcode":"UNK","kyc_verification_status":0,"bpcode":"HAPPYLUKE","track_system":"UNK","track_clicktag":"UNK","track_affiliate":"UNK","track_campaign":"UNK","track_banner":"UNK","last_login":"2019-12-04T10:59:46.000Z","tried_deposit":"1900-01-01T00:00:00.000Z","first_deposit":"1900-01-01T00:00:00.000Z","first_deposit_amt":"0.0000","second_deposit":"1900-01-01T00:00:00.000Z","second_deposit_amt":"0.0000","third_deposit":"1900-01-01T00:00:00.000Z","third_deposit_amt":"0.0000","latest_deposit":"1900-01-01T00:00:00.000Z","latest_deposit_amt":"0.0000","num_deposits":0,"sum_deposited":"0.0000","base_deposited":"0.0000","num_withdrawals":0,"sum_withdrawn":"0.0000","base_withdrawn":"0.0000","last_noteid":5526096,"highlighted_note":0,"highlighted_codes":"UNK","locked_until":"1900-01-01T00:00:00.000Z","blocked":"2021-03-03T10:12:15.000Z","block_code":"OTHER","block_subcode":"UNK","block_reason":"TEST ACCOUNT BLOCKED","migrated_id":"UNK","member_points":199,"member_coins":199,"member_level":1,"badge_level":0}]
2023-03-18T16:38:23.356Z: Unexpected error on idle client
2023-03-18T16:39:10.351Z: Error connecting to {localhost}
2023-03-18T16:40:10.363Z: Successfully connected to {localhost}
2023-03-18T16:49:14.937Z: Successfully connected to {localhost}
2023-03-18T16:49:14.940Z: Query result: [{"config_id":1,"status":"pending","triggerstatus":"active","cron_expression":null,"created_at":null,"updated_at":null,"start_at":null,"sending":true,"data_source":"csv"}]
2023-03-18T16:49:16.568Z: Successfully connected to {data-platform.ckghnqcooulj.ap-southeast-1.redshift.amazonaws.com}
2023-03-18T16:49:17.499Z: Query result: [{"dw_regdate":"2018-06-25T09:37:16.000Z","dw_changedate":"2021-03-03T10:16:34.000Z","sk_player":"7553","sk_site":15,"sk_language":210,"sk_country":211,"playerid":4384,"player_id_global":"2830f65a-111c-4471-a5dd-7f3d752f25aa","webfront_id":4978,"siteid":1,"created":"2015-06-15T08:21:20.000Z","updated":"2021-03-03T10:12:18.000Z","signup_completed":"2015-06-15T08:21:20.000Z","playertoken":"s2victes783558","display_name":"ColdAutumn2817","currency":"THB","language":"th","country":"TH","newsletter":1,"textmessage":1,"phone_call":1,"playerflag":1,"classificationcode":"UNK","kyc_verification_status":0,"bpcode":"HAPPYLUKE","track_system":"UNK","track_clicktag":"UNK","track_affiliate":"UNK","track_campaign":"UNK","track_banner":"UNK","last_login":"2015-06-24T05:00:03.000Z","tried_deposit":"2016-02-17T02:43:58.000Z","first_deposit":"2016-02-17T02:43:58.000Z","first_deposit_amt":"56.2000","second_deposit":"1900-01-01T00:00:00.000Z","second_deposit_amt":"0.0000","third_deposit":"1900-01-01T00:00:00.000Z","third_deposit_amt":"0.0000","latest_deposit":"2016-02-17T02:43:58.000Z","latest_deposit_amt":"56.2000","num_deposits":1,"sum_deposited":"2000.0000","base_deposited":"56.2000","num_withdrawals":0,"sum_withdrawn":"0.0000","base_withdrawn":"0.0000","last_noteid":5526188,"highlighted_note":0,"highlighted_codes":"UNK","locked_until":"1900-01-01T00:00:00.000Z","blocked":"2021-03-03T10:12:18.000Z","block_code":"OTHER","block_subcode":"UNK","block_reason":"TEST ACCOUNT BLOCKED","migrated_id":"UNK","member_points":85,"member_coins":85,"member_level":1,"badge_level":0}]
2023-03-18T16:49:27.501Z: Database error:
2023-03-18T16:49:27.754Z: Successfully connected to {localhost}
2023-03-18T16:49:27.757Z: Query result: [{"config_id":1,"status":"pending","triggerstatus":"active","cron_expression":null,"created_at":null,"updated_at":null,"start_at":null,"sending":true,"data_source":"csv"}]
2023-03-18T16:50:44.151Z: Successfully connected to {localhost}
2023-03-18T16:50:44.156Z: Query result: [{"config_id":1,"status":"pending","triggerstatus":"active","cron_expression":null,"created_at":null,"updated_at":null,"start_at":null,"sending":true,"data_source":"csv"}]
2023-03-18T16:50:45.611Z: Successfully connected to {data-platform.ckghnqcooulj.ap-southeast-1.redshift.amazonaws.com}
2023-03-18T16:50:46.523Z: Query result: [{"dw_regdate":"2018-06-25T09:37:16.000Z","dw_changedate":"2021-03-04T06:15:48.000Z","sk_player":"122013","sk_site":15,"sk_language":46,"sk_country":107,"playerid":1247,"player_id_global":"e55491ec-9058-4103-906c-c7e1b353d1e2","webfront_id":1508,"siteid":1,"created":"2015-04-28T09:42:06.000Z","updated":"2021-03-04T05:47:11.000Z","signup_completed":"2015-04-28T09:42:06.000Z","playertoken":"s2demacc659539","display_name":"HardTree3401","currency":"USD","language":"en","country":"JP","newsletter":0,"textmessage":1,"phone_call":1,"playerflag":0,"classificationcode":"UNK","kyc_verification_status":0,"bpcode":"HAPPYLUKE","track_system":"UNK","track_clicktag":"UNK","track_affiliate":"UNK","track_campaign":"UNK","track_banner":"UNK","last_login":"2015-05-02T12:41:47.000Z","tried_deposit":"1900-01-01T00:00:00.000Z","first_deposit":"1900-01-01T00:00:00.000Z","first_deposit_amt":"0.0000","second_deposit":"1900-01-01T00:00:00.000Z","second_deposit_amt":"0.0000","third_deposit":"1900-01-01T00:00:00.000Z","third_deposit_amt":"0.0000","latest_deposit":"1900-01-01T00:00:00.000Z","latest_deposit_amt":"0.0000","num_deposits":0,"sum_deposited":"0.0000","base_deposited":"0.0000","num_withdrawals":0,"sum_withdrawn":"0.0000","base_withdrawn":"0.0000","last_noteid":5529750,"highlighted_note":0,"highlighted_codes":"UNK","locked_until":"1900-01-01T00:00:00.000Z","blocked":"2021-03-04T05:47:11.000Z","block_code":"OTHER","block_subcode":"UNK","block_reason":"TEST ACCOUNT BLOCKED","migrated_id":"UNK","member_points":25,"member_coins":25,"member_level":1,"badge_level":0}]
2023-03-18T16:50:56.524Z: Joystick Database error:
2023-03-18T16:52:11.576Z: Error connecting to {data-platform.ckghnqcooulj.ap-southeast-1.redshift.amazonaws.com}
2023-03-18T16:53:13.078Z: Successfully connected to {data-platform.ckghnqcooulj.ap-southeast-1.redshift.amazonaws.com}
2023-03-18T16:54:27.716Z: Error connecting to {localhost}
2023-03-18T16:54:27.717Z: Error executing query: connect ECONNREFUSED ::1:5432
2023-03-18T16:55:27.730Z: Successfully connected to {localhost}
2023-03-18T16:55:40.930Z: Error connecting to {localhost}
2023-03-18T16:55:40.930Z: Error executing query: connect ECONNREFUSED ::1:5432
2023-03-18T16:56:40.945Z: Successfully connected to {localhost}
2023-03-18T16:56:55.926Z: Error executing query: connect ETIMEDOUT 13.251.121.192:5439
2023-03-18T16:56:55.927Z: Error connecting to {data-platform.ckghnqcooulj.ap-southeast-1.redshift.amazonaws.com}
2023-03-18T16:57:57.405Z: Successfully connected to {data-platform.ckghnqcooulj.ap-southeast-1.redshift.amazonaws.com}
