2023-03-30T06:13:15.756Z: Listening on port 8041
2023-03-30T06:13:15.774Z: Successfully connected to {localhost}
2023-03-30T06:13:16.772Z: Successfully connected to {data-platform.ckghnqcooulj.ap-southeast-1.redshift.amazonaws.com}
2023-03-30T06:13:19.487Z: {"statusCode":200,"status":true,"message":"Config Added","data":[]}
2023-03-30T06:13:34.336Z: Status : s2ccclll467230 Failed :Campaign:Testing Campaign 1
2023-03-30T06:13:35.171Z: Status : s2ducngu777338 Failed :Campaign:Testing Campaign 1
2023-03-30T06:13:35.814Z: Status : s2pejjae163073 Failed :Campaign:Testing Campaign 1
2023-03-30T06:13:37.536Z: Status : s2thelee240915 Failed :Campaign:Testing Campaign 1
2023-03-30T06:13:38.198Z: Status : s2huytra590111 Failed :Campaign:Testing Campaign 1
2023-03-30T06:13:38.266Z: Status : s2dactru331620 Failed :Campaign:Testing Campaign 1
2023-03-30T06:13:38.266Z: Campaign: Testing Campaign 1, Result: 0 sent, 6 failed
2023-03-30T06:32:45.659Z: {"statusCode":200,"status":true,"message":"Config Added","data":[]}
2023-03-30T06:33:02.588Z: Status : s2ccclll467230 Failed :Campaign:Testing Campaign 2
2023-03-30T06:33:02.588Z: Campaign: Testing Campaign 2, Result: 0 sent, 1 failed
2023-03-30T06:33:14.295Z: {"statusCode":200,"status":true,"message":"Config Added","data":[]}
2023-03-30T06:33:28.118Z: Status : s2ccclll467230 Failed :Campaign:Testing Campaign 2
2023-03-30T06:33:28.118Z: Campaign: Testing Campaign 2, Result: 0 sent, 1 failed
2023-03-30T06:35:17.599Z: Listening on port 8041
2023-03-30T06:35:17.615Z: Successfully connected to {localhost}
2023-03-30T06:35:18.833Z: Successfully connected to {data-platform.ckghnqcooulj.ap-southeast-1.redshift.amazonaws.com}
2023-03-30T06:35:22.935Z: {"statusCode":200,"status":true,"message":"Config Added","data":[]}
2023-03-30T06:35:38.957Z: Status : s2ccclll467230 Sent :Campaign:Testing Campaign 2
2023-03-30T06:35:38.957Z: Campaign: Testing Campaign 2, Result: 1 sent, 0 failed
2023-03-30T06:47:57.489Z: Listening on port 8041
2023-03-30T06:47:57.499Z: Successfully connected to {localhost}
2023-03-30T06:47:59.121Z: Successfully connected to {data-platform.ckghnqcooulj.ap-southeast-1.redshift.amazonaws.com}
2023-03-30T06:48:10.183Z: {"statusCode":200,"status":true,"message":"Config Added","data":[]}
2023-03-30T06:48:26.258Z: Status : s2tdtftr239276 Failed :Campaign:Testing Campaign 2
2023-03-30T06:48:26.617Z: Status : s2oxutki739774 Failed :Campaign:Testing Campaign 2
2023-03-30T06:48:26.690Z: Status : s2mmgmqv584475 Failed :Campaign:Testing Campaign 2
2023-03-30T06:48:26.911Z: Status : s2poyuqr641549 Failed :Campaign:Testing Campaign 2
2023-03-30T06:48:26.983Z: Status : s2bcelgz003769 Failed :Campaign:Testing Campaign 2
2023-03-30T06:48:27.321Z: Status : s2nydfrq976541 Failed :Campaign:Testing Campaign 2
2023-03-30T06:48:27.790Z: Status : s2zkdtrd297338 Failed :Campaign:Testing Campaign 2
2023-03-30T06:48:28.505Z: Status : s2sthajs721606 Failed :Campaign:Testing Campaign 2
2023-03-30T06:48:29.379Z: Status : s2yemnil959403 Failed :Campaign:Testing Campaign 2
2023-03-30T06:48:30.695Z: Status : s2awrpph587154 Failed :Campaign:Testing Campaign 2
2023-03-30T06:48:30.695Z: Campaign: Testing Campaign 2, Result: 0 sent, 10 failed
