2023-04-04T02:22:21.949Z: Listening on port 8041
2023-04-04T02:22:21.973Z: Successfully connected to {localhost}
2023-04-04T02:22:22.317Z: Successfully connected to {data-platform.ckghnqcooulj.ap-southeast-1.redshift.amazonaws.com}
2023-04-04T02:25:28.934Z: Listening on port 8041
2023-04-04T02:25:28.947Z: Successfully connected to {localhost}
2023-04-04T02:25:29.162Z: Successfully connected to {data-platform.ckghnqcooulj.ap-southeast-1.redshift.amazonaws.com}
2023-04-04T02:25:46.781Z: Listening on port 8041
2023-04-04T02:25:46.793Z: Successfully connected to {localhost}
2023-04-04T02:25:47.005Z: Successfully connected to {data-platform.ckghnqcooulj.ap-southeast-1.redshift.amazonaws.com}
2023-04-04T02:25:58.589Z: Listening on port 8041
2023-04-04T02:25:58.599Z: Successfully connected to {localhost}
2023-04-04T02:25:58.807Z: Successfully connected to {data-platform.ckghnqcooulj.ap-southeast-1.redshift.amazonaws.com}
2023-04-04T02:28:12.046Z: {"statusCode":200,"status":true,"message":"Config Added","data":[]}
2023-04-04T02:28:22.064Z: Config queue count : 
2023-04-04T02:28:22.064Z: payload :
2023-04-04T02:28:25.492Z: Status : s2mmgmqv584475 Failed, Campaign : Testing Campaign 1
2023-04-04T02:28:25.501Z: Status : s2tdtftr239276 Failed, Campaign : Testing Campaign 1
2023-04-04T02:28:25.892Z: Status : s2oxutki739774 Failed, Campaign : Testing Campaign 1
2023-04-04T02:28:25.970Z: Status : s2nydfrq976541 Sent, Campaign : Testing Campaign 1
2023-04-04T02:28:28.589Z: Status : s2bcelgz003769 Failed, Campaign : Testing Campaign 1
2023-04-04T02:28:28.622Z: Status : s2poyuqr641549 Sent, Campaign : Testing Campaign 1
2023-04-04T02:28:29.887Z: Status : s2sthajs721606 Failed, Campaign : Testing Campaign 1
2023-04-04T02:28:30.334Z: Status : s2zkdtrd297338 Failed, Campaign : Testing Campaign 1
2023-04-04T02:28:30.834Z: Status : s2yemnil959403 Failed, Campaign : Testing Campaign 1
2023-04-04T02:28:31.869Z: Status : s2awrpph587154 Sent, Campaign : Testing Campaign 1
2023-04-04T02:28:31.869Z: Campaign: Testing Campaign 1, Result: 3 sent, 7 failed
2023-04-04T02:28:32.076Z: Config queue count : 
2023-04-04T02:28:32.076Z: payload :
2023-04-04T02:28:41.880Z: Config queue count : 
2023-04-04T02:28:41.881Z: payload :
2023-04-04T02:33:17.908Z: Listening on port 8041
2023-04-04T02:33:17.920Z: Successfully connected to {localhost}
2023-04-04T02:33:18.134Z: Successfully connected to {data-platform.ckghnqcooulj.ap-southeast-1.redshift.amazonaws.com}
2023-04-04T02:33:21.948Z: {"statusCode":200,"status":true,"message":"Config Added","data":[]}
2023-04-04T02:33:31.961Z: Config queue count : 
2023-04-04T02:33:31.961Z: payload :
2023-04-04T02:33:35.354Z: Status : s2tdtftr239276 Failed, Campaign : Testing Campaign 1
2023-04-04T02:33:35.540Z: Status : s2oxutki739774 Failed, Campaign : Testing Campaign 1
2023-04-04T02:33:36.316Z: Status : s2mmgmqv584475 Failed, Campaign : Testing Campaign 1
2023-04-04T02:33:37.106Z: Status : s2nydfrq976541 Sent, Campaign : Testing Campaign 1
2023-04-04T02:33:37.797Z: Status : s2bcelgz003769 Failed, Campaign : Testing Campaign 1
2023-04-04T02:33:38.463Z: Status : s2poyuqr641549 Sent, Campaign : Testing Campaign 1
2023-04-04T02:33:39.478Z: Status : s2zkdtrd297338 Failed, Campaign : Testing Campaign 1
2023-04-04T02:33:40.338Z: Status : s2sthajs721606 Failed, Campaign : Testing Campaign 1
2023-04-04T02:33:40.342Z: Status : s2yemnil959403 Failed, Campaign : Testing Campaign 1
2023-04-04T02:33:41.971Z: Config queue count : 
2023-04-04T02:33:41.971Z: payload :
2023-04-04T02:33:42.505Z: Status : s2awrpph587154 Sent, Campaign : Testing Campaign 1
2023-04-04T02:33:42.505Z: Campaign: Testing Campaign 1, Result: 3 sent, 7 failed
2023-04-04T02:33:52.528Z: Config queue count : 
2023-04-04T02:33:52.528Z: payload :
2023-04-04T02:43:28.056Z: {"statusCode":200,"status":true,"message":"Config Added","data":[]}
2023-04-04T02:43:38.067Z: Config queue count : 
2023-04-04T02:43:38.067Z: payload :
2023-04-04T02:43:41.450Z: Status : s2oxutki739774 Failed, Campaign : Testing Campaign 1
2023-04-04T02:43:41.452Z: Status : s2mmgmqv584475 Failed, Campaign : Testing Campaign 1
2023-04-04T02:43:42.091Z: Status : s2nydfrq976541 Sent, Campaign : Testing Campaign 1
2023-04-04T02:43:44.236Z: Status : s2poyuqr641549 Sent, Campaign : Testing Campaign 1
2023-04-04T02:43:46.467Z: Status : s2zkdtrd297338 Failed, Campaign : Testing Campaign 1
2023-04-04T02:43:46.470Z: Status : s2sthajs721606 Failed, Campaign : Testing Campaign 1
2023-04-04T02:43:47.201Z: Status : s2yemnil959403 Failed, Campaign : Testing Campaign 1
2023-04-04T02:43:47.971Z: Status : s2awrpph587154 Sent, Campaign : Testing Campaign 1
2023-04-04T02:43:48.076Z: Config queue count : 
2023-04-04T02:43:48.076Z: payload :
2023-04-04T02:52:03.223Z: Listening on port 8041
2023-04-04T02:52:03.234Z: Successfully connected to {localhost}
2023-04-04T02:52:03.448Z: Successfully connected to {data-platform.ckghnqcooulj.ap-southeast-1.redshift.amazonaws.com}
2023-04-04T02:52:07.593Z: {"statusCode":200,"status":true,"message":"Config Added","data":[]}
2023-04-04T02:52:17.609Z: Config queue count : 
2023-04-04T02:52:17.609Z: payload :
2023-04-04T02:52:21.022Z: Status : s2oxutki739774 Failed, Campaign : Testing Campaign 1
2023-04-04T02:52:21.032Z: Status : s2mmgmqv584475 Failed, Campaign : Testing Campaign 1
2023-04-04T02:52:21.888Z: Status : s2nydfrq976541 Sent, Campaign : Testing Campaign 1
2023-04-04T02:52:23.792Z: Status : s2poyuqr641549 Sent, Campaign : Testing Campaign 1
2023-04-04T02:52:25.117Z: Status : s2zkdtrd297338 Failed, Campaign : Testing Campaign 1
2023-04-04T02:52:25.423Z: Status : s2sthajs721606 Failed, Campaign : Testing Campaign 1
2023-04-04T02:52:26.030Z: Status : s2yemnil959403 Failed, Campaign : Testing Campaign 1
2023-04-04T02:52:27.005Z: Status : s2awrpph587154 Sent, Campaign : Testing Campaign 1
2023-04-04T02:52:27.620Z: Config queue count : 
2023-04-04T02:52:27.620Z: payload :
2023-04-04T03:21:52.578Z: {"statusCode":200,"status":true,"message":"Config Added","data":[]}
2023-04-04T03:22:02.588Z: Config queue count : 
2023-04-04T03:22:02.589Z: payload :
2023-04-04T03:22:04.244Z: Status : s2tdtftr239276 Failed, Campaign : Testing Campaign 1
2023-04-04T03:22:04.960Z: Status : s2oxutki739774 Failed, Campaign : Testing Campaign 1
2023-04-04T03:22:05.338Z: Status : s2mmgmqv584475 Failed, Campaign : Testing Campaign 1
2023-04-04T03:22:05.944Z: Status : s2nydfrq976541 Sent, Campaign : Testing Campaign 1
2023-04-04T03:22:08.514Z: Status : s2poyuqr641549 Sent, Campaign : Testing Campaign 1
2023-04-04T03:22:09.892Z: Status : s2zkdtrd297338 Failed, Campaign : Testing Campaign 1
2023-04-04T03:22:09.940Z: Status : s2sthajs721606 Failed, Campaign : Testing Campaign 1
2023-04-04T03:22:11.940Z: Status : s2awrpph587154 Sent, Campaign : Testing Campaign 1
2023-04-04T03:22:12.595Z: Config queue count : 
2023-04-04T03:22:12.595Z: payload :
2023-04-04T03:25:42.308Z: Listening on port 8041
2023-04-04T03:25:42.323Z: Successfully connected to {localhost}
2023-04-04T03:25:42.522Z: Successfully connected to {data-platform.ckghnqcooulj.ap-southeast-1.redshift.amazonaws.com}
2023-04-04T03:25:52.144Z: Listening on port 8041
2023-04-04T03:25:52.155Z: Successfully connected to {localhost}
2023-04-04T03:25:52.364Z: Successfully connected to {data-platform.ckghnqcooulj.ap-southeast-1.redshift.amazonaws.com}
2023-04-04T03:26:06.274Z: {"statusCode":200,"status":true,"message":"Config Added","data":[]}
2023-04-04T03:26:16.287Z: Config queue count : 
2023-04-04T03:26:16.287Z: payload :
2023-04-04T03:26:18.066Z: Status : s2tdtftr239276 Failed, Campaign : Testing Campaign 1
2023-04-04T03:26:18.775Z: Status : s2oxutki739774 Failed, Campaign : Testing Campaign 1
2023-04-04T03:26:18.781Z: Status : s2mmgmqv584475 Failed, Campaign : Testing Campaign 1
2023-04-04T03:26:19.698Z: Status : s2nydfrq976541 Sent, Campaign : Testing Campaign 1
2023-04-04T03:26:21.650Z: Status : s2poyuqr641549 Sent, Campaign : Testing Campaign 1
2023-04-04T03:26:23.177Z: Status : s2zkdtrd297338 Failed, Campaign : Testing Campaign 1
2023-04-04T03:26:23.693Z: Status : s2sthajs721606 Failed, Campaign : Testing Campaign 1
2023-04-04T03:26:25.740Z: Status : s2awrpph587154 Sent, Campaign : Testing Campaign 1
2023-04-04T03:26:26.296Z: Config queue count : 
2023-04-04T03:26:26.296Z: payload :
2023-04-04T03:29:12.382Z: Listening on port 8041
2023-04-04T03:29:12.393Z: Successfully connected to {localhost}
2023-04-04T03:29:12.602Z: Successfully connected to {data-platform.ckghnqcooulj.ap-southeast-1.redshift.amazonaws.com}
2023-04-04T03:29:17.556Z: {"statusCode":200,"status":true,"message":"Config Added","data":[]}
2023-04-04T03:29:27.571Z: Config queue count : 
2023-04-04T03:29:27.571Z: payload :
2023-04-04T03:29:29.341Z: Status : s2tdtftr239276 Failed, Campaign : Testing Campaign 1
2023-04-04T03:29:30.058Z: Status : s2oxutki739774 Failed, Campaign : Testing Campaign 1
2023-04-04T03:29:30.064Z: Status : s2mmgmqv584475 Failed, Campaign : Testing Campaign 1
2023-04-04T03:29:30.977Z: Status : s2nydfrq976541 Sent, Campaign : Testing Campaign 1
2023-04-04T03:29:31.999Z: Status : s2bcelgz003769 Failed, Campaign : Testing Campaign 1
2023-04-04T03:29:33.025Z: Status : s2poyuqr641549 Sent, Campaign : Testing Campaign 1
2023-04-04T03:29:34.045Z: Status : s2zkdtrd297338 Failed, Campaign : Testing Campaign 1
2023-04-04T03:29:34.969Z: Status : s2sthajs721606 Failed, Campaign : Testing Campaign 1
2023-04-04T03:29:35.996Z: Status : s2yemnil959403 Failed, Campaign : Testing Campaign 1
2023-04-04T03:29:36.942Z: Status : s2awrpph587154 Sent, Campaign : Testing Campaign 1
2023-04-04T03:29:36.943Z: Campaign: Testing Campaign 1, Result: 3 sent, 7 failed
2023-04-04T03:29:37.581Z: Config queue count : 
2023-04-04T03:29:37.581Z: payload :
2023-04-04T03:29:46.956Z: Config queue count : 
2023-04-04T03:29:46.956Z: payload :
2023-04-04T03:34:34.443Z: Listening on port 8041
2023-04-04T03:34:34.457Z: Successfully connected to {localhost}
2023-04-04T03:34:34.666Z: Successfully connected to {data-platform.ckghnqcooulj.ap-southeast-1.redshift.amazonaws.com}
2023-04-04T03:34:56.029Z: {"statusCode":200,"status":true,"message":"Config Added","data":[]}
2023-04-04T03:35:06.045Z: Config queue count : 
2023-04-04T03:35:06.045Z: payload :
2023-04-04T03:35:12.455Z: Status : s2tdtftr239276 Failed, Campaign : Testing Campaign 1
2023-04-04T03:35:12.900Z: Status : s2mmgmqv584475 Failed, Campaign : Testing Campaign 1
2023-04-04T03:35:13.005Z: Status : s2nydfrq976541 Sent, Campaign : Testing Campaign 1
2023-04-04T03:35:13.093Z: Status : s2oxutki739774 Failed, Campaign : Testing Campaign 1
2023-04-04T03:35:13.096Z: Status : s2bcelgz003769 Failed, Campaign : Testing Campaign 1
2023-04-04T03:35:13.912Z: Status : s2poyuqr641549 Sent, Campaign : Testing Campaign 1
2023-04-04T03:35:16.054Z: Config queue count : 
2023-04-04T03:35:16.054Z: payload :
2023-04-04T03:35:17.294Z: Status : s2zkdtrd297338 Failed, Campaign : Testing Campaign 1
2023-04-04T03:35:18.015Z: Status : s2awrpph587154 Sent, Campaign : Testing Campaign 1
2023-04-04T03:35:18.015Z: Status : s2sthajs721606 Failed, Campaign : Testing Campaign 1
2023-04-04T03:35:18.028Z: Status : s2yemnil959403 Failed, Campaign : Testing Campaign 1
2023-04-04T03:35:18.028Z: Campaign: Testing Campaign 1, Result: 3 sent, 7 failed
2023-04-04T03:35:28.039Z: Config queue count : 
2023-04-04T03:35:28.039Z: payload :
2023-04-04T03:35:31.968Z: Listening on port 8041
2023-04-04T03:35:31.978Z: Successfully connected to {localhost}
2023-04-04T03:35:32.185Z: Successfully connected to {data-platform.ckghnqcooulj.ap-southeast-1.redshift.amazonaws.com}
2023-04-04T03:35:46.546Z: Listening on port 8041
2023-04-04T03:35:46.558Z: Successfully connected to {localhost}
2023-04-04T03:35:46.763Z: Successfully connected to {data-platform.ckghnqcooulj.ap-southeast-1.redshift.amazonaws.com}
2023-04-04T03:35:51.348Z: {"statusCode":200,"status":true,"message":"Config Added","data":[]}
2023-04-04T03:36:04.400Z: Status : s2tdtftr239276 Failed, Campaign : Testing Campaign 1
2023-04-04T03:36:06.952Z: Status : s2mmgmqv584475 Failed, Campaign : Testing Campaign 1
2023-04-04T03:36:08.780Z: Status : s2nydfrq976541 Sent, Campaign : Testing Campaign 1
2023-04-04T03:36:08.794Z: Status : s2oxutki739774 Failed, Campaign : Testing Campaign 1
2023-04-04T03:36:09.816Z: Status : s2poyuqr641549 Sent, Campaign : Testing Campaign 1
2023-04-04T03:36:10.545Z: Status : s2bcelgz003769 Failed, Campaign : Testing Campaign 1
2023-04-04T03:36:11.329Z: Status : s2sthajs721606 Failed, Campaign : Testing Campaign 1
2023-04-04T03:36:11.476Z: Status : s2zkdtrd297338 Failed, Campaign : Testing Campaign 1
2023-04-04T03:36:11.905Z: Status : s2yemnil959403 Failed, Campaign : Testing Campaign 1
2023-04-04T03:36:12.888Z: Status : s2awrpph587154 Sent, Campaign : Testing Campaign 1
2023-04-04T03:36:12.888Z: Campaign: Testing Campaign 1, Result: 3 sent, 7 failed
2023-04-04T03:37:26.799Z: Listening on port 8041
2023-04-04T03:37:26.815Z: Successfully connected to {localhost}
2023-04-04T03:37:27.017Z: Successfully connected to {data-platform.ckghnqcooulj.ap-southeast-1.redshift.amazonaws.com}
2023-04-04T03:37:29.859Z: {"statusCode":200,"status":true,"message":"Config Added","data":[]}
2023-04-04T03:37:39.877Z: Config queue count : 1
2023-04-04T03:37:39.877Z: payload : 1
2023-04-04T03:37:46.179Z: Status : s2nydfrq976541 Sent, Campaign : Testing Campaign 1
2023-04-04T03:37:46.179Z: Status : s2mmgmqv584475 Failed, Campaign : Testing Campaign 1
2023-04-04T03:37:46.189Z: Status : s2tdtftr239276 Failed, Campaign : Testing Campaign 1
2023-04-04T03:37:46.887Z: Status : s2bcelgz003769 Failed, Campaign : Testing Campaign 1
2023-04-04T03:37:46.888Z: Status : s2oxutki739774 Failed, Campaign : Testing Campaign 1
2023-04-04T03:37:47.199Z: Status : s2poyuqr641549 Sent, Campaign : Testing Campaign 1
2023-04-04T03:37:48.215Z: Status : s2zkdtrd297338 Failed, Campaign : Testing Campaign 1
2023-04-04T03:37:49.888Z: Config queue count : 0
2023-04-04T03:37:49.888Z: payload : 0
2023-04-04T03:37:50.244Z: Status : s2sthajs721606 Failed, Campaign : Testing Campaign 1
2023-04-04T03:37:51.082Z: Status : s2yemnil959403 Failed, Campaign : Testing Campaign 1
2023-04-04T03:37:51.084Z: Status : s2awrpph587154 Sent, Campaign : Testing Campaign 1
2023-04-04T03:37:51.084Z: Campaign: Testing Campaign 1, Result: 3 sent, 7 failed
2023-04-04T03:38:01.108Z: Config queue count : 0
2023-04-04T03:38:01.108Z: payload : 0
2023-04-04T03:52:49.560Z: Listening on port 8041
2023-04-04T03:52:49.569Z: Successfully connected to {localhost}
2023-04-04T03:52:49.920Z: Successfully connected to {data-platform.ckghnqcooulj.ap-southeast-1.redshift.amazonaws.com}
2023-04-04T04:13:48.588Z: Listening on port 8041
2023-04-04T04:13:48.601Z: Successfully connected to {localhost}
2023-04-04T04:13:49.022Z: Successfully connected to {data-platform.ckghnqcooulj.ap-southeast-1.redshift.amazonaws.com}
2023-04-04T04:13:53.082Z: {"statusCode":200,"status":true,"message":"Config Added","data":[]}
2023-04-04T04:13:53.720Z: {"statusCode":200,"status":true,"message":"Config Added","data":[]}
2023-04-04T04:13:54.397Z: {"statusCode":200,"status":true,"message":"Config Added","data":[]}
2023-04-04T04:13:55.054Z: {"statusCode":200,"status":true,"message":"Config Added","data":[]}
2023-04-04T04:13:55.751Z: {"statusCode":200,"status":true,"message":"Config Added","data":[]}
2023-04-04T04:13:56.374Z: {"statusCode":200,"status":true,"message":"Config Added","data":[]}
2023-04-04T04:13:57.048Z: {"statusCode":200,"status":true,"message":"Config Added","data":[]}
2023-04-04T04:13:57.693Z: {"statusCode":200,"status":true,"message":"Config Added","data":[]}
2023-04-04T04:13:58.326Z: {"statusCode":200,"status":true,"message":"Config Added","data":[]}
2023-04-04T04:14:03.089Z: Config queue count : 9
2023-04-04T04:14:03.089Z: payload : 1
2023-04-04T04:14:03.723Z: Config queue count : 9
2023-04-04T04:14:03.724Z: payload : 2
2023-04-04T04:14:04.400Z: Config queue count : 9
2023-04-04T04:14:04.400Z: payload : 3
2023-04-04T04:14:05.055Z: Config queue count : 9
2023-04-04T04:14:05.055Z: payload : 4
2023-04-04T04:14:05.753Z: Config queue count : 9
2023-04-04T04:14:05.753Z: payload : 5
2023-04-04T04:14:06.377Z: Config queue count : 9
2023-04-04T04:14:06.378Z: payload : 6
2023-04-04T04:14:07.051Z: Config queue count : 9
2023-04-04T04:14:07.051Z: payload : 7
2023-04-04T04:14:07.696Z: Config queue count : 9
2023-04-04T04:14:07.696Z: payload : 8
2023-04-04T04:14:08.328Z: Config queue count : 9
2023-04-04T04:14:08.328Z: payload : 9
2023-04-04T04:14:15.186Z: Status : s2tdtftr239276 Failed, Campaign : Testing Campaign 1
2023-04-04T04:14:15.186Z: Status : s2tdtftr239276 Failed, Campaign : Testing Campaign 1
2023-04-04T04:14:15.187Z: Status : s2tdtftr239276 Failed, Campaign : Testing Campaign 1
2023-04-04T04:14:15.188Z: Status : s2tdtftr239276 Failed, Campaign : Testing Campaign 1
2023-04-04T04:14:15.188Z: Status : s2tdtftr239276 Failed, Campaign : Testing Campaign 1
2023-04-04T04:14:15.189Z: Status : s2tdtftr239276 Failed, Campaign : Testing Campaign 1
2023-04-04T04:14:15.190Z: Status : s2tdtftr239276 Failed, Campaign : Testing Campaign 1
2023-04-04T04:14:15.191Z: Status : s2tdtftr239276 Failed, Campaign : Testing Campaign 1
2023-04-04T04:14:15.191Z: Status : s2tdtftr239276 Failed, Campaign : Testing Campaign 1
2023-04-04T04:14:18.345Z: Config queue count : 0
2023-04-04T04:14:18.345Z: payload : 8
2023-04-04T04:14:18.346Z: Config queue count : 0
2023-04-04T04:14:18.346Z: payload : 7
2023-04-04T04:14:18.356Z: Config queue count : 0
2023-04-04T04:14:18.356Z: payload : 6
2023-04-04T04:14:18.356Z: Config queue count : 0
2023-04-04T04:14:18.356Z: payload : 6
2023-04-04T04:14:18.356Z: Config queue count : 0
2023-04-04T04:14:18.356Z: payload : 6
2023-04-04T04:14:18.356Z: Config queue count : 0
2023-04-04T04:14:18.356Z: payload : 5
2023-04-04T04:14:18.356Z: Config queue count : 0
2023-04-04T04:14:18.356Z: payload : 1
2023-04-04T04:14:18.357Z: Config queue count : 0
2023-04-04T04:14:18.357Z: payload : 6
2023-04-04T04:14:18.357Z: Config queue count : 0
2023-04-04T04:14:18.357Z: payload : 1
2023-04-04T04:14:20.109Z: Status : s2mmgmqv584475 Failed, Campaign : Testing Campaign 1
2023-04-04T04:14:20.109Z: Status : s2mmgmqv584475 Failed, Campaign : Testing Campaign 1
2023-04-04T04:14:20.110Z: Status : s2mmgmqv584475 Failed, Campaign : Testing Campaign 1
2023-04-04T04:14:20.110Z: Status : s2mmgmqv584475 Failed, Campaign : Testing Campaign 1
2023-04-04T04:14:20.110Z: Status : s2mmgmqv584475 Failed, Campaign : Testing Campaign 1
2023-04-04T04:14:20.115Z: Status : s2mmgmqv584475 Failed, Campaign : Testing Campaign 1
2023-04-04T04:14:20.115Z: Status : s2mmgmqv584475 Failed, Campaign : Testing Campaign 1
2023-04-04T04:14:20.115Z: Status : s2mmgmqv584475 Failed, Campaign : Testing Campaign 1
2023-04-04T04:14:20.116Z: Status : s2mmgmqv584475 Failed, Campaign : Testing Campaign 1
2023-04-04T04:14:23.174Z: Status : s2oxutki739774 Failed, Campaign : Testing Campaign 1
2023-04-04T04:14:23.175Z: Status : s2oxutki739774 Failed, Campaign : Testing Campaign 1
2023-04-04T04:14:23.176Z: Status : s2oxutki739774 Failed, Campaign : Testing Campaign 1
2023-04-04T04:14:23.177Z: Status : s2oxutki739774 Failed, Campaign : Testing Campaign 1
2023-04-04T04:14:23.177Z: Status : s2oxutki739774 Failed, Campaign : Testing Campaign 1
2023-04-04T04:14:24.202Z: Status : s2oxutki739774 Failed, Campaign : Testing Campaign 1
2023-04-04T04:14:24.204Z: Status : s2oxutki739774 Failed, Campaign : Testing Campaign 1
2023-04-04T04:14:24.204Z: Status : s2oxutki739774 Failed, Campaign : Testing Campaign 1
2023-04-04T04:14:24.205Z: Status : s2oxutki739774 Failed, Campaign : Testing Campaign 1
2023-04-04T04:14:26.349Z: Status : s2nydfrq976541 Sent, Campaign : Testing Campaign 1
2023-04-04T04:14:26.349Z: Status : s2nydfrq976541 Sent, Campaign : Testing Campaign 1
2023-04-04T04:14:26.352Z: Status : s2nydfrq976541 Sent, Campaign : Testing Campaign 1
2023-04-04T04:14:26.352Z: Status : s2nydfrq976541 Sent, Campaign : Testing Campaign 1
2023-04-04T04:14:26.352Z: Status : s2nydfrq976541 Sent, Campaign : Testing Campaign 1
2023-04-04T04:14:26.461Z: Status : s2nydfrq976541 Sent, Campaign : Testing Campaign 1
2023-04-04T04:14:26.463Z: Status : s2nydfrq976541 Sent, Campaign : Testing Campaign 1
2023-04-04T04:14:26.466Z: Status : s2nydfrq976541 Sent, Campaign : Testing Campaign 1
2023-04-04T04:14:29.570Z: Status : s2nydfrq976541 Sent, Campaign : Testing Campaign 1
2023-04-04T04:14:30.400Z: Status : s2bcelgz003769 Failed, Campaign : Testing Campaign 1
2023-04-04T04:14:31.786Z: Status : s2bcelgz003769 Failed, Campaign : Testing Campaign 1
2023-04-04T04:14:31.990Z: Status : s2poyuqr641549 Sent, Campaign : Testing Campaign 1
2023-04-04T04:14:32.703Z: Status : s2bcelgz003769 Failed, Campaign : Testing Campaign 1
2023-04-04T04:14:32.704Z: Status : s2bcelgz003769 Failed, Campaign : Testing Campaign 1
2023-04-04T04:14:32.704Z: Status : s2bcelgz003769 Failed, Campaign : Testing Campaign 1
2023-04-04T04:14:32.705Z: Status : s2bcelgz003769 Failed, Campaign : Testing Campaign 1
2023-04-04T04:14:32.706Z: Status : s2bcelgz003769 Failed, Campaign : Testing Campaign 1
2023-04-04T04:14:32.706Z: Status : s2bcelgz003769 Failed, Campaign : Testing Campaign 1
2023-04-04T04:14:32.831Z: Status : s2bcelgz003769 Failed, Campaign : Testing Campaign 1
2023-04-04T04:14:33.203Z: Status : s2poyuqr641549 Sent, Campaign : Testing Campaign 1
2023-04-04T04:14:34.614Z: Status : s2poyuqr641549 Sent, Campaign : Testing Campaign 1
2023-04-04T04:14:35.311Z: Status : s2poyuqr641549 Sent, Campaign : Testing Campaign 1
2023-04-04T04:14:35.311Z: Status : s2poyuqr641549 Sent, Campaign : Testing Campaign 1
2023-04-04T04:14:35.314Z: Status : s2poyuqr641549 Sent, Campaign : Testing Campaign 1
2023-04-04T04:14:35.315Z: Status : s2poyuqr641549 Sent, Campaign : Testing Campaign 1
2023-04-04T04:14:35.357Z: Status : s2poyuqr641549 Sent, Campaign : Testing Campaign 1
2023-04-04T04:14:35.960Z: Status : s2poyuqr641549 Sent, Campaign : Testing Campaign 1
2023-04-04T04:14:36.280Z: Status : s2zkdtrd297338 Failed, Campaign : Testing Campaign 1
2023-04-04T04:14:36.476Z: Status : s2zkdtrd297338 Failed, Campaign : Testing Campaign 1
2023-04-04T04:14:39.342Z: Status : s2zkdtrd297338 Failed, Campaign : Testing Campaign 1
2023-04-04T04:14:39.343Z: Status : s2zkdtrd297338 Failed, Campaign : Testing Campaign 1
2023-04-04T04:14:39.977Z: Status : s2zkdtrd297338 Failed, Campaign : Testing Campaign 1
2023-04-04T04:14:39.978Z: Status : s2zkdtrd297338 Failed, Campaign : Testing Campaign 1
2023-04-04T04:14:40.078Z: Status : s2sthajs721606 Failed, Campaign : Testing Campaign 1
2023-04-04T04:14:40.086Z: Status : s2zkdtrd297338 Failed, Campaign : Testing Campaign 1
2023-04-04T04:14:40.088Z: Status : s2zkdtrd297338 Failed, Campaign : Testing Campaign 1
2023-04-04T04:14:40.089Z: Status : s2sthajs721606 Failed, Campaign : Testing Campaign 1
2023-04-04T04:14:40.815Z: Status : s2zkdtrd297338 Failed, Campaign : Testing Campaign 1
2023-04-04T04:14:42.450Z: Status : s2sthajs721606 Failed, Campaign : Testing Campaign 1
2023-04-04T04:14:42.541Z: Status : s2sthajs721606 Failed, Campaign : Testing Campaign 1
2023-04-04T04:14:42.554Z: Status : s2yemnil959403 Failed, Campaign : Testing Campaign 1
2023-04-04T04:14:42.697Z: Status : s2yemnil959403 Failed, Campaign : Testing Campaign 1
2023-04-04T04:14:43.173Z: Status : s2sthajs721606 Failed, Campaign : Testing Campaign 1
2023-04-04T04:14:43.175Z: Status : s2sthajs721606 Failed, Campaign : Testing Campaign 1
2023-04-04T04:14:43.307Z: Status : s2sthajs721606 Failed, Campaign : Testing Campaign 1
2023-04-04T04:14:43.311Z: Status : s2sthajs721606 Failed, Campaign : Testing Campaign 1
2023-04-04T04:14:43.315Z: Status : s2sthajs721606 Failed, Campaign : Testing Campaign 1
2023-04-04T04:14:44.478Z: Status : s2yemnil959403 Failed, Campaign : Testing Campaign 1
2023-04-04T04:14:47.348Z: Status : s2yemnil959403 Failed, Campaign : Testing Campaign 1
2023-04-04T04:14:47.398Z: Status : s2awrpph587154 Sent, Campaign : Testing Campaign 1
2023-04-04T04:14:47.398Z: Campaign: Testing Campaign 1, Result: 3 sent, 7 failed
2023-04-04T04:14:47.470Z: Status : s2awrpph587154 Sent, Campaign : Testing Campaign 1
2023-04-04T04:14:47.470Z: Campaign: Testing Campaign 1, Result: 3 sent, 7 failed
2023-04-04T04:14:47.477Z: Status : s2awrpph587154 Sent, Campaign : Testing Campaign 1
2023-04-04T04:14:47.959Z: Status : s2yemnil959403 Failed, Campaign : Testing Campaign 1
2023-04-04T04:14:48.061Z: Status : s2yemnil959403 Failed, Campaign : Testing Campaign 1
2023-04-04T04:14:48.067Z: Status : s2yemnil959403 Failed, Campaign : Testing Campaign 1
2023-04-04T04:14:48.189Z: Status : s2yemnil959403 Failed, Campaign : Testing Campaign 1
2023-04-04T04:14:48.383Z: Status : s2yemnil959403 Failed, Campaign : Testing Campaign 1
2023-04-04T04:14:48.383Z: Campaign: Testing Campaign 1, Result: 3 sent, 7 failed
2023-04-04T04:14:50.263Z: Status : s2awrpph587154 Sent, Campaign : Testing Campaign 1
2023-04-04T04:14:50.263Z: Campaign: Testing Campaign 1, Result: 3 sent, 7 failed
2023-04-04T04:14:50.301Z: Status : s2awrpph587154 Sent, Campaign : Testing Campaign 1
2023-04-04T04:14:50.301Z: Campaign: Testing Campaign 1, Result: 3 sent, 7 failed
2023-04-04T04:14:50.306Z: Status : s2awrpph587154 Sent, Campaign : Testing Campaign 1
2023-04-04T04:14:50.306Z: Campaign: Testing Campaign 1, Result: 3 sent, 7 failed
2023-04-04T04:14:50.980Z: Status : s2awrpph587154 Sent, Campaign : Testing Campaign 1
2023-04-04T04:14:50.980Z: Campaign: Testing Campaign 1, Result: 3 sent, 7 failed
2023-04-04T04:14:50.982Z: Status : s2awrpph587154 Sent, Campaign : Testing Campaign 1
2023-04-04T04:14:50.983Z: Campaign: Testing Campaign 1, Result: 3 sent, 7 failed
2023-04-04T04:14:50.984Z: Status : s2awrpph587154 Sent, Campaign : Testing Campaign 1
2023-04-04T04:14:50.984Z: Campaign: Testing Campaign 1, Result: 3 sent, 7 failed
2023-04-04T04:14:57.405Z: Config queue count : 0
2023-04-04T04:14:57.405Z: payload : 0
2023-04-04T04:14:57.473Z: Config queue count : 0
2023-04-04T04:14:57.473Z: payload : 0
2023-04-04T04:14:58.386Z: Config queue count : 0
2023-04-04T04:14:58.386Z: payload : 0
2023-04-04T04:15:00.267Z: Config queue count : 0
2023-04-04T04:15:00.267Z: payload : 0
2023-04-04T04:15:00.303Z: Config queue count : 0
2023-04-04T04:15:00.303Z: payload : 0
2023-04-04T04:15:00.307Z: Config queue count : 0
2023-04-04T04:15:00.307Z: payload : 0
2023-04-04T04:15:00.983Z: Config queue count : 0
2023-04-04T04:15:00.983Z: payload : 0
2023-04-04T04:15:00.983Z: Config queue count : 0
2023-04-04T04:15:00.983Z: payload : 0
2023-04-04T04:15:00.986Z: Config queue count : 0
2023-04-04T04:15:00.986Z: payload : 0
2023-04-04T04:20:16.692Z: {"statusCode":200,"status":true,"message":"Config Added","data":[]}
2023-04-04T04:20:26.702Z: Config queue count : 1
2023-04-04T04:20:26.703Z: payload : 1
2023-04-04T04:20:36.453Z: Status : s2tdtftr239276 Failed, Campaign : Testing Campaign 1
2023-04-04T04:20:36.709Z: Config queue count : 0
2023-04-04T04:20:36.709Z: payload : 0
2023-04-04T04:20:36.891Z: Status : s2oxutki739774 Failed, Campaign : Testing Campaign 1
2023-04-04T04:20:36.988Z: Status : s2bcelgz003769 Failed, Campaign : Testing Campaign 1
2023-04-04T04:20:36.993Z: Status : s2mmgmqv584475 Failed, Campaign : Testing Campaign 1
2023-04-04T04:20:37.268Z: Status : s2nydfrq976541 Sent, Campaign : Testing Campaign 1
2023-04-04T04:20:37.855Z: Status : s2poyuqr641549 Sent, Campaign : Testing Campaign 1
2023-04-04T04:20:38.409Z: Status : s2zkdtrd297338 Failed, Campaign : Testing Campaign 1
2023-04-04T04:20:38.896Z: Status : s2sthajs721606 Failed, Campaign : Testing Campaign 1
2023-04-04T04:20:39.648Z: Status : s2yemnil959403 Failed, Campaign : Testing Campaign 1
2023-04-04T04:20:39.846Z: Status : s2awrpph587154 Sent, Campaign : Testing Campaign 1
2023-04-04T04:20:39.846Z: Campaign: Testing Campaign 1, Result: 3 sent, 7 failed
2023-04-04T04:20:49.867Z: Config queue count : 0
2023-04-04T04:20:49.867Z: payload : 0
2023-04-04T04:21:12.059Z: {"statusCode":200,"status":true,"message":"Config Added","data":[]}
2023-04-04T04:21:22.065Z: Config queue count : 1
2023-04-04T04:21:22.065Z: payload : 1
2023-04-04T04:21:32.076Z: Config queue count : 0
2023-04-04T04:21:32.076Z: payload : 0
2023-04-04T04:21:35.299Z: Status : s2oxutki739774 Failed, Campaign : Testing Campaign 1
2023-04-04T04:21:35.303Z: Status : s2tdtftr239276 Failed, Campaign : Testing Campaign 1
2023-04-04T04:21:35.305Z: Status : s2bcelgz003769 Failed, Campaign : Testing Campaign 1
2023-04-04T04:21:35.598Z: Status : s2zkdtrd297338 Failed, Campaign : Testing Campaign 1
2023-04-04T04:21:35.598Z: Status : s2yemnil959403 Failed, Campaign : Testing Campaign 1
2023-04-04T04:21:35.599Z: Status : s2mmgmqv584475 Failed, Campaign : Testing Campaign 1
2023-04-04T04:21:35.906Z: Status : s2nydfrq976541 Sent, Campaign : Testing Campaign 1
2023-04-04T04:21:35.908Z: Status : s2sthajs721606 Failed, Campaign : Testing Campaign 1
2023-04-04T04:21:40.615Z: Status : s2poyuqr641549 Sent, Campaign : Testing Campaign 1
2023-04-04T04:21:40.725Z: Status : s2awrpph587154 Sent, Campaign : Testing Campaign 1
2023-04-04T04:21:40.725Z: Campaign: Testing Campaign 1, Result: 3 sent, 7 failed
2023-04-04T04:21:50.738Z: Config queue count : 0
2023-04-04T04:21:50.738Z: payload : 0
2023-04-04T04:22:17.991Z: Listening on port 8041
2023-04-04T04:22:18.000Z: Successfully connected to {localhost}
2023-04-04T04:22:18.411Z: Successfully connected to {data-platform.ckghnqcooulj.ap-southeast-1.redshift.amazonaws.com}
2023-04-04T04:22:20.020Z: {"statusCode":200,"status":true,"message":"Config Added","data":[]}
2023-04-04T04:22:30.035Z: Config queue count : 1
2023-04-04T04:22:30.035Z: payload : 1
2023-04-04T04:22:36.402Z: Status : s2tdtftr239276 Sent, Campaign : Testing Campaign 1
2023-04-04T04:22:36.505Z: Status : s2mmgmqv584475 Failed, Campaign : Testing Campaign 1
2023-04-04T04:22:37.397Z: Status : s2oxutki739774 Failed, Campaign : Testing Campaign 1
2023-04-04T04:22:37.704Z: Status : s2nydfrq976541 Sent, Campaign : Testing Campaign 1
2023-04-04T04:22:38.094Z: Status : s2bcelgz003769 Failed, Campaign : Testing Campaign 1
2023-04-04T04:22:40.045Z: Config queue count : 0
2023-04-04T04:22:40.045Z: payload : 0
2023-04-04T04:22:42.031Z: Status : s2zkdtrd297338 Failed, Campaign : Testing Campaign 1
2023-04-04T04:22:42.564Z: Status : s2poyuqr641549 Sent, Campaign : Testing Campaign 1
2023-04-04T04:22:44.423Z: Status : s2yemnil959403 Failed, Campaign : Testing Campaign 1
2023-04-04T04:22:44.595Z: Status : s2awrpph587154 Sent, Campaign : Testing Campaign 1
2023-04-04T04:22:46.859Z: Status : s2sthajs721606 Failed, Campaign : Testing Campaign 1
2023-04-04T04:22:46.859Z: Campaign: Testing Campaign 1, Result: 4 sent, 6 failed
2023-04-04T04:22:56.879Z: Config queue count : 0
2023-04-04T04:22:56.879Z: payload : 0
2023-04-04T04:24:17.733Z: {"statusCode":200,"status":true,"message":"Config Added","data":[]}
2023-04-04T04:24:27.743Z: Config queue count : 1
2023-04-04T04:24:27.743Z: payload : 1
2023-04-04T04:24:32.770Z: Status : s2tdtftr239276 Sent, Campaign : Testing Campaign 1
2023-04-04T04:24:33.622Z: Status : s2mmgmqv584475 Failed, Campaign : Testing Campaign 1
2023-04-04T04:24:33.631Z: Status : s2oxutki739774 Failed, Campaign : Testing Campaign 1
2023-04-04T04:24:33.725Z: Status : s2bcelgz003769 Failed, Campaign : Testing Campaign 1
2023-04-04T04:24:34.165Z: Status : s2poyuqr641549 Sent, Campaign : Testing Campaign 1
2023-04-04T04:24:34.372Z: Status : s2nydfrq976541 Sent, Campaign : Testing Campaign 1
2023-04-04T04:24:37.237Z: Status : s2sthajs721606 Failed, Campaign : Testing Campaign 1
2023-04-04T04:24:37.238Z: Status : s2zkdtrd297338 Failed, Campaign : Testing Campaign 1
2023-04-04T04:24:37.247Z: Status : s2yemnil959403 Failed, Campaign : Testing Campaign 1
2023-04-04T04:24:37.751Z: Config queue count : 0
2023-04-04T04:24:37.751Z: payload : 0
2023-04-04T04:24:38.304Z: Status : s2awrpph587154 Sent, Campaign : Testing Campaign 1
2023-04-04T04:24:38.304Z: Campaign: Testing Campaign 1, Result: 4 sent, 6 failed
2023-04-04T04:24:48.306Z: Config queue count : 0
2023-04-04T04:24:48.306Z: payload : 0
2023-04-04T04:26:57.020Z: {"statusCode":200,"status":true,"message":"Config Added","data":[]}
2023-04-04T04:27:07.031Z: Config queue count : 1
2023-04-04T04:27:07.031Z: payload : 1
2023-04-04T04:27:08.973Z: Status : s2tdtftr239276 Sent, Campaign : Testing Campaign 1
2023-04-04T04:27:11.319Z: Status : s2oxutki739774 Failed, Campaign : Testing Campaign 1
2023-04-04T04:27:11.477Z: Status : s2mmgmqv584475 Failed, Campaign : Testing Campaign 1
2023-04-04T04:27:15.014Z: Status : s2nydfrq976541 Sent, Campaign : Testing Campaign 1
2023-04-04T04:27:16.624Z: Status : s2bcelgz003769 Failed, Campaign : Testing Campaign 1
2023-04-04T04:27:16.727Z: Status : s2poyuqr641549 Sent, Campaign : Testing Campaign 1
2023-04-04T04:27:17.040Z: Config queue count : 0
2023-04-04T04:27:17.040Z: payload : 0
2023-04-04T04:27:17.430Z: Status : s2yemnil959403 Failed, Campaign : Testing Campaign 1
2023-04-04T04:27:17.442Z: Status : s2sthajs721606 Failed, Campaign : Testing Campaign 1
2023-04-04T04:27:17.452Z: Status : s2zkdtrd297338 Failed, Campaign : Testing Campaign 1
2023-04-04T04:27:17.734Z: Status : s2awrpph587154 Sent, Campaign : Testing Campaign 1
2023-04-04T04:27:17.734Z: Campaign: Testing Campaign 1, Result: 4 sent, 6 failed
2023-04-04T04:27:27.754Z: Config queue count : 0
2023-04-04T04:27:27.754Z: payload : 0
2023-04-04T04:28:36.342Z: Listening on port 8041
2023-04-04T04:28:36.355Z: Successfully connected to {localhost}
2023-04-04T04:28:36.712Z: Successfully connected to {data-platform.ckghnqcooulj.ap-southeast-1.redshift.amazonaws.com}
2023-04-04T04:28:40.167Z: {"statusCode":200,"status":true,"message":"Config Added","data":[]}
2023-04-04T04:28:50.185Z: Config queue count : 1
2023-04-04T04:28:50.185Z: payload : 1
2023-04-04T04:28:52.237Z: Status : s2tdtftr239276 Sent, Campaign : Testing Campaign 1
2023-04-04T04:28:53.729Z: Status : s2oxutki739774 Failed, Campaign : Testing Campaign 1
2023-04-04T04:28:53.734Z: Status : s2mmgmqv584475 Failed, Campaign : Testing Campaign 1
2023-04-04T04:28:54.242Z: Status : s2nydfrq976541 Sent, Campaign : Testing Campaign 1
2023-04-04T04:28:55.675Z: Status : s2bcelgz003769 Failed, Campaign : Testing Campaign 1
2023-04-04T04:28:56.686Z: Status : s2poyuqr641549 Sent, Campaign : Testing Campaign 1
2023-04-04T04:28:58.346Z: Status : s2zkdtrd297338 Failed, Campaign : Testing Campaign 1
2023-04-04T04:28:58.400Z: Status : s2sthajs721606 Failed, Campaign : Testing Campaign 1
2023-04-04T04:29:00.182Z: Status : s2yemnil959403 Failed, Campaign : Testing Campaign 1
2023-04-04T04:29:00.196Z: Config queue count : 0
2023-04-04T04:29:00.196Z: payload : 0
2023-04-04T04:29:00.515Z: Status : s2awrpph587154 Sent, Campaign : Testing Campaign 1
2023-04-04T04:29:00.515Z: Campaign: Testing Campaign 1, Result: 4 sent, 6 failed
2023-04-04T04:29:10.527Z: Config queue count : 0
2023-04-04T04:29:10.527Z: payload : 0
2023-04-11T06:55:46.091Z: {"statusCode":200,"status":true,"message":"Config Added","data":[]}
2023-04-11T06:55:50.620Z: {"statusCode":200,"status":true,"message":"Config Added","data":[]}
2023-04-11T06:55:56.104Z: Config queue count : 1
2023-04-11T06:55:56.104Z: payload : 1
