2023-03-31T04:22:55.284Z: Listening on port 8041
2023-03-31T04:22:55.299Z: Successfully connected to {localhost}
2023-03-31T04:22:57.291Z: Successfully connected to {data-platform.ckghnqcooulj.ap-southeast-1.redshift.amazonaws.com}
2023-03-31T04:46:28.845Z: {"statusCode":200,"status":true,"message":"Config Added","data":[]}
2023-03-31T04:46:45.322Z: Status : s2mmgmqv584475 Failed :Campaign:Testing Campaign 2
2023-03-31T04:46:45.382Z: Status : s2tdtftr239276 Failed :Campaign:Testing Campaign 2
2023-03-31T04:46:45.940Z: Status : s2nydfrq976541 Failed :Campaign:Testing Campaign 2
2023-03-31T04:46:46.006Z: Status : s2bcelgz003769 Failed :Campaign:Testing Campaign 2
2023-03-31T04:46:46.995Z: Status : s2poyuqr641549 Failed :Campaign:Testing Campaign 2
2023-03-31T04:46:47.061Z: Status : s2oxutki739774 Failed :Campaign:Testing Campaign 2
2023-03-31T04:46:47.250Z: Status : s2zkdtrd297338 Failed :Campaign:Testing Campaign 2
2023-03-31T04:46:49.299Z: Status : s2sthajs721606 Failed :Campaign:Testing Campaign 2
2023-03-31T04:46:49.362Z: Status : s2yemnil959403 Failed :Campaign:Testing Campaign 2
2023-03-31T04:46:50.169Z: Status : s2awrpph587154 Failed :Campaign:Testing Campaign 2
2023-03-31T04:46:50.169Z: Campaign: Testing Campaign 2, Result: 0 sent, 10 failed
2023-03-31T04:48:38.682Z: Listening on port 8041
2023-03-31T04:48:38.691Z: Successfully connected to {localhost}
2023-03-31T04:48:39.988Z: Successfully connected to {data-platform.ckghnqcooulj.ap-southeast-1.redshift.amazonaws.com}
2023-03-31T04:49:19.756Z: {"statusCode":200,"status":true,"message":"Config Added","data":[]}
2023-03-31T04:49:33.966Z: Status : s2tdtftr239276 Failed :Campaign:Testing Campaign 2
2023-03-31T04:49:35.041Z: Status : s2mmgmqv584475 Sent :Campaign:Testing Campaign 2
2023-03-31T04:49:35.106Z: Status : s2bcelgz003769 Failed :Campaign:Testing Campaign 2
2023-03-31T04:49:35.180Z: Status : s2nydfrq976541 Failed :Campaign:Testing Campaign 2
2023-03-31T04:49:35.438Z: Status : s2oxutki739774 Failed :Campaign:Testing Campaign 2
2023-03-31T04:49:36.360Z: Status : s2poyuqr641549 Failed :Campaign:Testing Campaign 2
2023-03-31T04:49:37.304Z: Status : s2zkdtrd297338 Failed :Campaign:Testing Campaign 2
2023-03-31T04:49:38.935Z: Status : s2sthajs721606 Failed :Campaign:Testing Campaign 2
2023-03-31T04:49:40.180Z: Status : s2yemnil959403 Failed :Campaign:Testing Campaign 2
2023-03-31T04:49:40.311Z: Status : s2awrpph587154 Failed :Campaign:Testing Campaign 2
2023-03-31T04:49:40.311Z: Campaign: Testing Campaign 2, Result: 1 sent, 9 failed
2023-03-31T04:49:58.043Z: Listening on port 8041
2023-03-31T04:49:58.054Z: Successfully connected to {localhost}
2023-03-31T04:49:59.297Z: Successfully connected to {data-platform.ckghnqcooulj.ap-southeast-1.redshift.amazonaws.com}
2023-03-31T05:19:21.119Z: Listening on port 8041
2023-03-31T05:19:21.128Z: Successfully connected to {localhost}
2023-03-31T05:19:22.762Z: Successfully connected to {data-platform.ckghnqcooulj.ap-southeast-1.redshift.amazonaws.com}
2023-03-31T05:19:29.841Z: {"statusCode":200,"status":true,"message":"Config Added","data":[]}
2023-03-31T05:19:45.967Z: Status : s2tdtftr239276 Failed :Campaign:Testing Campaign 2
2023-03-31T05:19:45.980Z: Status : s2mmgmqv584475 Failed :Campaign:Testing Campaign 2
2023-03-31T05:19:46.652Z: Status : s2bcelgz003769 Failed :Campaign:Testing Campaign 2
2023-03-31T05:19:46.810Z: Status : s2nydfrq976541 Failed :Campaign:Testing Campaign 2
2023-03-31T05:19:47.081Z: Status : s2oxutki739774 Failed :Campaign:Testing Campaign 2
2023-03-31T05:19:47.902Z: Status : s2poyuqr641549 Failed :Campaign:Testing Campaign 2
2023-03-31T05:19:48.393Z: Status : s2zkdtrd297338 Failed :Campaign:Testing Campaign 2
2023-03-31T05:19:48.821Z: Status : s2sthajs721606 Failed :Campaign:Testing Campaign 2
2023-03-31T05:19:49.131Z: Status : s2yemnil959403 Failed :Campaign:Testing Campaign 2
2023-03-31T05:19:50.262Z: Status : s2awrpph587154 Failed :Campaign:Testing Campaign 2
2023-03-31T05:20:19.795Z: {"statusCode":200,"status":true,"message":"Config Added","data":[]}
2023-03-31T05:20:35.296Z: Status : s2tdtftr239276 Failed :Campaign:Testing Campaign 2
2023-03-31T05:20:35.727Z: Status : s2mmgmqv584475 Failed :Campaign:Testing Campaign 2
2023-03-31T05:20:36.215Z: Status : s2oxutki739774 Failed :Campaign:Testing Campaign 2
2023-03-31T05:20:36.290Z: Status : s2bcelgz003769 Failed :Campaign:Testing Campaign 2
2023-03-31T05:20:36.670Z: Status : s2poyuqr641549 Failed :Campaign:Testing Campaign 2
2023-03-31T05:20:36.915Z: Status : s2nydfrq976541 Failed :Campaign:Testing Campaign 2
2023-03-31T05:20:38.994Z: Status : s2zkdtrd297338 Failed :Campaign:Testing Campaign 2
2023-03-31T05:20:41.848Z: Status : s2sthajs721606 Failed :Campaign:Testing Campaign 2
2023-03-31T05:20:41.911Z: Status : s2yemnil959403 Failed :Campaign:Testing Campaign 2
2023-03-31T05:20:43.469Z: Status : s2awrpph587154 Failed :Campaign:Testing Campaign 2
2023-03-31T05:20:43.469Z: Campaign: Testing Campaign 2, Result: 0 sent, 10 failed
2023-03-31T05:21:58.060Z: Listening on port 8041
2023-03-31T05:21:58.073Z: Successfully connected to {localhost}
2023-03-31T05:21:59.677Z: Successfully connected to {data-platform.ckghnqcooulj.ap-southeast-1.redshift.amazonaws.com}
2023-03-31T05:22:04.098Z: {"statusCode":200,"status":true,"message":"Config Added","data":[]}
2023-03-31T05:22:18.942Z: Status : s2tdtftr239276 Failed :Campaign:Testing Campaign 2
2023-03-31T05:22:19.356Z: Status : s2oxutki739774 Failed :Campaign:Testing Campaign 2
2023-03-31T05:22:19.430Z: Status : s2nydfrq976541 Failed :Campaign:Testing Campaign 2
2023-03-31T05:22:19.721Z: Status : s2mmgmqv584475 Sent :Campaign:Testing Campaign 2
2023-03-31T05:22:20.397Z: Status : s2poyuqr641549 Failed :Campaign:Testing Campaign 2
2023-03-31T05:22:20.398Z: Status : s2bcelgz003769 Failed :Campaign:Testing Campaign 2
2023-03-31T05:22:21.150Z: Status : s2zkdtrd297338 Failed :Campaign:Testing Campaign 2
2023-03-31T05:22:22.395Z: Status : s2sthajs721606 Failed :Campaign:Testing Campaign 2
2023-03-31T05:22:23.730Z: Status : s2yemnil959403 Failed :Campaign:Testing Campaign 2
2023-03-31T05:22:24.285Z: Status : s2awrpph587154 Failed :Campaign:Testing Campaign 2
2023-03-31T05:22:24.286Z: Campaign: Testing Campaign 2, Result: 1 sent, 9 failed
2023-03-31T05:25:09.550Z: Listening on port 8041
2023-03-31T05:25:09.560Z: Successfully connected to {localhost}
2023-03-31T05:25:11.463Z: Successfully connected to {data-platform.ckghnqcooulj.ap-southeast-1.redshift.amazonaws.com}
2023-03-31T05:25:14.148Z: {"statusCode":200,"status":true,"message":"Config Added","data":[]}
2023-03-31T05:25:27.766Z: Status : s2tdtftr239276 Failed :Campaign:Testing Campaign 2
2023-03-31T05:25:28.911Z: Status : s2nydfrq976541 Failed :Campaign:Testing Campaign 2
2023-03-31T05:25:29.276Z: Status : s2oxutki739774 Failed :Campaign:Testing Campaign 2
2023-03-31T05:25:29.452Z: Status : s2bcelgz003769 Failed :Campaign:Testing Campaign 2
2023-03-31T05:25:29.536Z: Status : s2mmgmqv584475 Sent :Campaign:Testing Campaign 2
2023-03-31T05:25:29.872Z: Status : s2poyuqr641549 Failed :Campaign:Testing Campaign 2
2023-03-31T05:25:32.687Z: Status : s2zkdtrd297338 Failed :Campaign:Testing Campaign 2
2023-03-31T05:25:33.224Z: Status : s2sthajs721606 Failed :Campaign:Testing Campaign 2
2023-03-31T05:25:34.135Z: Status : s2yemnil959403 Failed :Campaign:Testing Campaign 2
2023-03-31T05:25:35.206Z: Status : s2awrpph587154 Failed :Campaign:Testing Campaign 2
2023-03-31T05:25:35.206Z: Campaign: Testing Campaign 2, Result: 1 sent, 9 failed
2023-03-31T05:26:25.954Z: Listening on port 8041
2023-03-31T05:26:25.964Z: Successfully connected to {localhost}
2023-03-31T05:26:27.477Z: Successfully connected to {data-platform.ckghnqcooulj.ap-southeast-1.redshift.amazonaws.com}
2023-03-31T05:26:35.070Z: {"statusCode":200,"status":true,"message":"Config Added","data":[]}
2023-03-31T05:26:49.354Z: Status : s2oxutki739774 Failed :Campaign:Testing Campaign 2
2023-03-31T05:26:49.585Z: Status : s2mmgmqv584475 Sent :Campaign:Testing Campaign 2
2023-03-31T05:26:49.930Z: Status : s2nydfrq976541 Failed :Campaign:Testing Campaign 2
2023-03-31T05:26:50.184Z: Status : s2tdtftr239276 Failed :Campaign:Testing Campaign 2
2023-03-31T05:26:50.823Z: Status : s2poyuqr641549 Failed :Campaign:Testing Campaign 2
2023-03-31T05:26:50.997Z: Status : s2bcelgz003769 Failed :Campaign:Testing Campaign 2
2023-03-31T05:26:52.838Z: Status : s2zkdtrd297338 Failed :Campaign:Testing Campaign 2
2023-03-31T05:26:53.682Z: Status : s2yemnil959403 Failed :Campaign:Testing Campaign 2
2023-03-31T05:26:53.836Z: Status : s2sthajs721606 Failed :Campaign:Testing Campaign 2
2023-03-31T05:26:54.734Z: Status : s2awrpph587154 Failed :Campaign:Testing Campaign 2
2023-03-31T05:26:54.735Z: Campaign: Testing Campaign 2, Result: 1 sent, 9 failed
2023-03-31T05:30:07.643Z: Listening on port 8041
2023-03-31T05:30:07.652Z: Successfully connected to {localhost}
2023-03-31T05:30:09.487Z: Successfully connected to {data-platform.ckghnqcooulj.ap-southeast-1.redshift.amazonaws.com}
2023-03-31T05:30:12.006Z: Listening on port 8041
2023-03-31T05:30:12.015Z: Successfully connected to {localhost}
2023-03-31T05:30:13.181Z: Successfully connected to {data-platform.ckghnqcooulj.ap-southeast-1.redshift.amazonaws.com}
2023-03-31T05:30:15.953Z: {"statusCode":200,"status":true,"message":"Config Added","data":[]}
2023-03-31T05:30:29.482Z: Status : s2tdtftr239276 Failed :Campaign:Testing Campaign 2
2023-03-31T05:30:30.263Z: Status : s2oxutki739774 Failed :Campaign:Testing Campaign 2
2023-03-31T05:30:30.988Z: Status : s2mmgmqv584475 Sent :Campaign:Testing Campaign 2
2023-03-31T05:30:31.935Z: Status : s2nydfrq976541 Failed :Campaign:Testing Campaign 2
2023-03-31T05:30:32.712Z: Status : s2zkdtrd297338 Failed :Campaign:Testing Campaign 2
2023-03-31T05:30:32.994Z: Status : s2poyuqr641549 Failed :Campaign:Testing Campaign 2
2023-03-31T05:30:33.392Z: Status : s2bcelgz003769 Failed :Campaign:Testing Campaign 2
2023-03-31T05:30:33.624Z: Status : s2sthajs721606 Failed :Campaign:Testing Campaign 2
2023-03-31T05:30:34.809Z: Status : s2yemnil959403 Failed :Campaign:Testing Campaign 2
2023-03-31T05:30:35.851Z: Status : s2awrpph587154 Failed :Campaign:Testing Campaign 2
2023-03-31T05:30:35.851Z: Campaign: Testing Campaign 2, Result: 1 sent, 9 failed
2023-03-31T05:37:29.079Z: Listening on port 8041
2023-03-31T05:37:29.091Z: Successfully connected to {localhost}
2023-03-31T05:37:30.674Z: Successfully connected to {data-platform.ckghnqcooulj.ap-southeast-1.redshift.amazonaws.com}
2023-03-31T05:56:20.539Z: Listening on port 8041
2023-03-31T05:56:20.553Z: Successfully connected to {localhost}
2023-03-31T05:56:22.469Z: Successfully connected to {data-platform.ckghnqcooulj.ap-southeast-1.redshift.amazonaws.com}
2023-03-31T05:56:32.782Z: Listening on port 8041
2023-03-31T05:56:32.793Z: Successfully connected to {localhost}
2023-03-31T05:56:35.526Z: Successfully connected to {data-platform.ckghnqcooulj.ap-southeast-1.redshift.amazonaws.com}
2023-03-31T05:56:39.455Z: {"statusCode":200,"status":true,"message":"Config Added","data":[]}
2023-03-31T05:56:54.691Z: Status : s2oxutki739774 Failed :Campaign:Testing Campaign 2
2023-03-31T05:56:54.844Z: Status : s2tdtftr239276 Failed :Campaign:Testing Campaign 2
2023-03-31T05:56:55.365Z: Status : s2mmgmqv584475 Failed :Campaign:Testing Campaign 2
2023-03-31T05:56:55.428Z: Status : s2nydfrq976541 Failed :Campaign:Testing Campaign 2
2023-03-31T05:56:57.031Z: Status : s2zkdtrd297338 Failed :Campaign:Testing Campaign 2
2023-03-31T05:56:57.033Z: Status : s2bcelgz003769 Failed :Campaign:Testing Campaign 2
2023-03-31T05:56:57.426Z: Status : s2sthajs721606 Failed :Campaign:Testing Campaign 2
2023-03-31T05:56:58.324Z: Status : s2poyuqr641549 Failed :Campaign:Testing Campaign 2
2023-03-31T05:56:58.881Z: Status : s2yemnil959403 Failed :Campaign:Testing Campaign 2
2023-03-31T05:56:59.232Z: Status : s2awrpph587154 Failed :Campaign:Testing Campaign 2
2023-03-31T05:56:59.886Z: {"email":"febriandy.yabie+vnraf3@everlounge.net"}
2023-03-31T06:02:02.460Z: Listening on port 8041
2023-03-31T06:02:02.473Z: Successfully connected to {localhost}
2023-03-31T06:02:04.866Z: Successfully connected to {data-platform.ckghnqcooulj.ap-southeast-1.redshift.amazonaws.com}
2023-03-31T06:02:10.300Z: {"statusCode":200,"status":true,"message":"Config Added","data":[]}
2023-03-31T06:02:26.765Z: Status : s2tdtftr239276 Failed :Campaign:Testing Campaign 2
2023-03-31T06:02:27.223Z: Status : s2oxutki739774 Failed :Campaign:Testing Campaign 2
2023-03-31T06:02:28.589Z: Status : s2zkdtrd297338 Failed :Campaign:Testing Campaign 2
2023-03-31T06:02:28.804Z: Status : s2sthajs721606 Failed :Campaign:Testing Campaign 2
2023-03-31T06:02:28.806Z: Status : s2mmgmqv584475 Failed :Campaign:Testing Campaign 2
2023-03-31T06:02:29.084Z: Status : s2nydfrq976541 Failed :Campaign:Testing Campaign 2
2023-03-31T06:02:29.198Z: Status : s2bcelgz003769 Failed :Campaign:Testing Campaign 2
2023-03-31T06:02:29.311Z: Status : s2yemnil959403 Failed :Campaign:Testing Campaign 2
2023-03-31T06:02:30.344Z: Status : s2poyuqr641549 Failed :Campaign:Testing Campaign 2
2023-03-31T06:02:31.162Z: Status : s2awrpph587154 Failed :Campaign:Testing Campaign 2
2023-03-31T06:02:31.163Z: {"email":"test"}
2023-03-31T06:02:31.163Z: Campaign: Testing Campaign 2, Result: 1 sent, 10 failed
2023-03-31T06:04:45.068Z: {"statusCode":200,"status":true,"message":"Config Added","data":[]}
2023-03-31T06:05:01.043Z: Status : s2tdtftr239276 Failed :Campaign:Testing Campaign 2
2023-03-31T06:05:01.082Z: Status : s2mmgmqv584475 Failed :Campaign:Testing Campaign 2
2023-03-31T06:05:01.793Z: Status : s2oxutki739774 Failed :Campaign:Testing Campaign 2
2023-03-31T06:05:01.892Z: Status : s2zkdtrd297338 Failed :Campaign:Testing Campaign 2
2023-03-31T06:05:02.135Z: Status : s2poyuqr641549 Failed :Campaign:Testing Campaign 2
2023-03-31T06:05:02.872Z: Status : s2sthajs721606 Failed :Campaign:Testing Campaign 2
2023-03-31T06:05:02.968Z: Status : s2nydfrq976541 Failed :Campaign:Testing Campaign 2
2023-03-31T06:05:03.066Z: Status : s2bcelgz003769 Failed :Campaign:Testing Campaign 2
2023-03-31T06:05:03.959Z: Status : s2yemnil959403 Failed :Campaign:Testing Campaign 2
2023-03-31T06:05:04.959Z: Status : s2awrpph587154 Failed :Campaign:Testing Campaign 2
2023-03-31T06:05:05.393Z: {"email":"test"}
2023-03-31T06:05:07.272Z: {"email":"test"}
2023-03-31T06:05:07.472Z: {"email":"test"}
2023-03-31T06:05:09.362Z: {"email":"test"}
2023-03-31T06:05:10.235Z: {"email":"test"}
2023-03-31T06:05:10.810Z: {"email":"test"}
2023-03-31T06:05:11.835Z: {"email":"test"}
2023-03-31T06:05:13.076Z: {"email":"test"}
2023-03-31T06:05:13.360Z: {"email":"test"}
2023-03-31T06:05:14.218Z: {"email":"test"}
2023-03-31T06:05:14.218Z: Campaign: Testing Campaign 2, Result: 10 sent, 10 failed
2023-03-31T06:05:56.377Z: Listening on port 8041
2023-03-31T06:05:56.388Z: Successfully connected to {localhost}
2023-03-31T06:05:58.020Z: Successfully connected to {data-platform.ckghnqcooulj.ap-southeast-1.redshift.amazonaws.com}
2023-03-31T06:05:59.363Z: {"statusCode":200,"status":true,"message":"Config Added","data":[]}
2023-03-31T06:06:15.126Z: Status : s2tdtftr239276 Failed :Campaign:Testing Campaign 2
2023-03-31T06:06:15.798Z: Status : s2mmgmqv584475 Failed :Campaign:Testing Campaign 2
2023-03-31T06:06:16.037Z: Status : s2zkdtrd297338 Failed :Campaign:Testing Campaign 2
2023-03-31T06:06:16.126Z: Status : s2oxutki739774 Failed :Campaign:Testing Campaign 2
2023-03-31T06:06:16.217Z: Status : s2poyuqr641549 Failed :Campaign:Testing Campaign 2
2023-03-31T06:06:16.573Z: Status : s2bcelgz003769 Failed :Campaign:Testing Campaign 2
2023-03-31T06:06:16.664Z: Status : s2nydfrq976541 Failed :Campaign:Testing Campaign 2
2023-03-31T06:06:17.074Z: Status : s2sthajs721606 Failed :Campaign:Testing Campaign 2
2023-03-31T06:06:18.309Z: Status : s2yemnil959403 Failed :Campaign:Testing Campaign 2
2023-03-31T06:06:19.201Z: Status : s2awrpph587154 Failed :Campaign:Testing Campaign 2
2023-03-31T06:06:19.617Z: {"email":"febriandy.yabie+inr@everlounge.net"}
2023-03-31T06:06:20.556Z: {"email":"febriandy.yabie+thraf2@everlounge.net"}
2023-03-31T06:06:21.593Z: {"email":"febriandy.yabie+inraf3@everlounge.net"}
2023-03-31T06:06:23.512Z: {"email":"febriandy.yabie+1@everlounge.net"}
2023-03-31T06:06:24.585Z: {"email":"febriandy.yabie+2@everlounge.net"}
2023-03-31T06:06:25.022Z: {"email":"febriandy.yabie+1@everlounge.net"}
2023-03-31T06:06:25.597Z: {"email":"febriandy.yabie+my1@everlounge.net"}
2023-03-31T06:06:26.657Z: {"email":"febriandy.yabie+my2@everlounge.net"}
2023-03-31T06:06:27.517Z: {"email":"febriandy.yabie+my3@everlounge.net"}
2023-03-31T06:06:28.632Z: {"email":"febriandy.yabie+vnraf3@everlounge.net"}
2023-03-31T06:06:28.632Z: Campaign: Testing Campaign 2, Result: 10 sent, 10 failed
2023-03-31T06:11:30.337Z: {"statusCode":200,"status":true,"message":"Config Added","data":[]}
2023-03-31T06:11:34.192Z: {"statusCode":200,"status":true,"message":"Config Added","data":[]}
2023-03-31T06:11:52.236Z: Status : s2zkdtrd297338 Failed :Campaign:Testing Campaign 1
2023-03-31T06:11:52.236Z: Status : s2bcelgz003769 Failed :Campaign:Testing Campaign 1
2023-03-31T06:11:52.248Z: Status : s2zkdtrd297338 Failed :Campaign:Testing Campaign 3
2023-03-31T06:11:52.248Z: Status : s2mmgmqv584475 Failed :Campaign:Testing Campaign 1
2023-03-31T06:11:52.360Z: Status : s2bcelgz003769 Failed :Campaign:Testing Campaign 3
2023-03-31T06:11:52.361Z: Status : s2oxutki739774 Failed :Campaign:Testing Campaign 1
2023-03-31T06:11:52.361Z: Status : s2mmgmqv584475 Failed :Campaign:Testing Campaign 3
2023-03-31T06:11:52.369Z: Status : s2tdtftr239276 Failed :Campaign:Testing Campaign 1
2023-03-31T06:11:52.373Z: Status : s2oxutki739774 Failed :Campaign:Testing Campaign 3
2023-03-31T06:11:52.374Z: Status : s2tdtftr239276 Failed :Campaign:Testing Campaign 3
2023-03-31T06:11:52.408Z: Status : s2poyuqr641549 Failed :Campaign:Testing Campaign 3
2023-03-31T06:11:52.408Z: Status : s2poyuqr641549 Failed :Campaign:Testing Campaign 1
2023-03-31T06:11:52.758Z: Status : s2yemnil959403 Failed :Campaign:Testing Campaign 3
2023-03-31T06:11:52.775Z: Status : s2yemnil959403 Failed :Campaign:Testing Campaign 1
2023-03-31T06:11:52.787Z: Status : s2nydfrq976541 Failed :Campaign:Testing Campaign 3
2023-03-31T06:11:53.194Z: Status : s2nydfrq976541 Failed :Campaign:Testing Campaign 1
2023-03-31T06:11:53.195Z: Status : s2sthajs721606 Failed :Campaign:Testing Campaign 3
2023-03-31T06:11:53.298Z: Status : s2sthajs721606 Failed :Campaign:Testing Campaign 1
2023-03-31T06:11:53.799Z: Status : s2awrpph587154 Failed :Campaign:Testing Campaign 3
2023-03-31T06:11:53.880Z: Status : s2awrpph587154 Failed :Campaign:Testing Campaign 1
2023-03-31T06:11:53.997Z: {"statusCode":200,"status":true,"message":"Config Added","data":[]}
2023-03-31T06:11:54.363Z: {"email":"febriandy.yabie+inr@everlounge.net"}
2023-03-31T06:11:54.363Z: {"email":"febriandy.yabie+inr@everlounge.net"}
2023-03-31T06:11:54.779Z: Status : s2tdtftr239276 Failed :Campaign:Testing Campaign 4
2023-03-31T06:11:55.317Z: {"email":"febriandy.yabie+thraf2@everlounge.net"}
2023-03-31T06:11:55.417Z: {"email":"febriandy.yabie+thraf2@everlounge.net"}
2023-03-31T06:11:55.874Z: Status : s2mmgmqv584475 Failed :Campaign:Testing Campaign 4
2023-03-31T06:11:56.355Z: {"email":"febriandy.yabie+inraf3@everlounge.net"}
2023-03-31T06:11:56.355Z: {"email":"febriandy.yabie+inraf3@everlounge.net"}
2023-03-31T06:11:57.204Z: Status : s2oxutki739774 Failed :Campaign:Testing Campaign 4
2023-03-31T06:11:58.208Z: {"email":"febriandy.yabie+1@everlounge.net"}
2023-03-31T06:11:58.209Z: {"email":"febriandy.yabie+1@everlounge.net"}
2023-03-31T06:11:58.417Z: {"email":"febriandy.yabie+1@everlounge.net"}
2023-03-31T06:11:58.417Z: {"email":"febriandy.yabie+1@everlounge.net"}
2023-03-31T06:11:58.747Z: Status : s2nydfrq976541 Failed :Campaign:Testing Campaign 4
2023-03-31T06:11:58.853Z: Status : s2bcelgz003769 Failed :Campaign:Testing Campaign 4
2023-03-31T06:11:59.348Z: {"email":"febriandy.yabie+2@everlounge.net"}
2023-03-31T06:11:59.348Z: {"email":"febriandy.yabie+2@everlounge.net"}
2023-03-31T06:11:59.972Z: Status : s2poyuqr641549 Failed :Campaign:Testing Campaign 4
2023-03-31T06:12:00.346Z: {"email":"febriandy.yabie+my1@everlounge.net"}
2023-03-31T06:12:00.347Z: {"email":"febriandy.yabie+my1@everlounge.net"}
2023-03-31T06:12:00.776Z: Status : s2zkdtrd297338 Failed :Campaign:Testing Campaign 4
2023-03-31T06:12:01.456Z: {"email":"febriandy.yabie+my2@everlounge.net"}
2023-03-31T06:12:01.457Z: {"email":"febriandy.yabie+my2@everlounge.net"}
2023-03-31T06:12:01.966Z: Status : s2sthajs721606 Failed :Campaign:Testing Campaign 4
2023-03-31T06:12:02.401Z: {"email":"febriandy.yabie+my3@everlounge.net"}
2023-03-31T06:12:02.402Z: {"email":"febriandy.yabie+my3@everlounge.net"}
2023-03-31T06:12:02.813Z: Status : s2yemnil959403 Failed :Campaign:Testing Campaign 4
2023-03-31T06:12:03.476Z: {"email":"febriandy.yabie+vnraf3@everlounge.net"}
2023-03-31T06:12:03.476Z: Campaign: Testing Campaign 1, Result: 10 sent, 10 failed
2023-03-31T06:12:03.476Z: {"email":"febriandy.yabie+vnraf3@everlounge.net"}
2023-03-31T06:12:03.476Z: Campaign: Testing Campaign 3, Result: 10 sent, 10 failed
2023-03-31T06:12:04.060Z: Status : s2awrpph587154 Failed :Campaign:Testing Campaign 4
2023-03-31T06:12:04.326Z: {"email":"febriandy.yabie+inr@everlounge.net"}
2023-03-31T06:12:05.529Z: {"email":"febriandy.yabie+thraf2@everlounge.net"}
2023-03-31T06:12:06.415Z: {"email":"febriandy.yabie+inraf3@everlounge.net"}
2023-03-31T06:12:08.418Z: {"email":"febriandy.yabie+1@everlounge.net"}
2023-03-31T06:12:08.418Z: {"email":"febriandy.yabie+1@everlounge.net"}
2023-03-31T06:12:09.490Z: {"email":"febriandy.yabie+2@everlounge.net"}
2023-03-31T06:12:10.428Z: {"email":"febriandy.yabie+my1@everlounge.net"}
2023-03-31T06:12:11.454Z: {"email":"febriandy.yabie+my2@everlounge.net"}
2023-03-31T06:12:12.338Z: {"email":"febriandy.yabie+my3@everlounge.net"}
2023-03-31T06:12:12.922Z: {"statusCode":200,"status":true,"message":"Config Added","data":[]}
2023-03-31T06:12:13.577Z: {"email":"febriandy.yabie+vnraf3@everlounge.net"}
2023-03-31T06:12:13.577Z: Campaign: Testing Campaign 4, Result: 10 sent, 10 failed
2023-03-31T06:12:16.144Z: {"statusCode":200,"status":true,"message":"Config Added","data":[]}
2023-03-31T06:12:29.495Z: Status : s2tdtftr239276 Failed :Campaign:Testing Campaign 5
2023-03-31T06:12:29.533Z: Status : s2tdtftr239276 Failed :Campaign:Testing Campaign 6
2023-03-31T06:12:29.730Z: Status : s2oxutki739774 Failed :Campaign:Testing Campaign 6
2023-03-31T06:12:29.793Z: Status : s2oxutki739774 Failed :Campaign:Testing Campaign 5
2023-03-31T06:12:30.410Z: Status : s2nydfrq976541 Failed :Campaign:Testing Campaign 6
2023-03-31T06:12:30.485Z: Status : s2nydfrq976541 Failed :Campaign:Testing Campaign 5
2023-03-31T06:12:30.496Z: Status : s2mmgmqv584475 Failed :Campaign:Testing Campaign 6
2023-03-31T06:12:30.635Z: Status : s2mmgmqv584475 Failed :Campaign:Testing Campaign 5
2023-03-31T06:12:30.901Z: Status : s2bcelgz003769 Failed :Campaign:Testing Campaign 5
2023-03-31T06:12:30.919Z: Status : s2bcelgz003769 Failed :Campaign:Testing Campaign 6
2023-03-31T06:12:31.774Z: Status : s2poyuqr641549 Failed :Campaign:Testing Campaign 5
2023-03-31T06:12:31.879Z: Status : s2poyuqr641549 Failed :Campaign:Testing Campaign 6
2023-03-31T06:12:32.986Z: Status : s2zkdtrd297338 Failed :Campaign:Testing Campaign 5
2023-03-31T06:12:33.072Z: Status : s2zkdtrd297338 Failed :Campaign:Testing Campaign 6
2023-03-31T06:12:33.909Z: Status : s2sthajs721606 Failed :Campaign:Testing Campaign 5
2023-03-31T06:12:33.999Z: Status : s2sthajs721606 Failed :Campaign:Testing Campaign 6
2023-03-31T06:12:34.747Z: Status : s2yemnil959403 Failed :Campaign:Testing Campaign 5
2023-03-31T06:12:34.834Z: Status : s2yemnil959403 Failed :Campaign:Testing Campaign 6
2023-03-31T06:12:35.840Z: Status : s2awrpph587154 Failed :Campaign:Testing Campaign 5
2023-03-31T06:12:35.926Z: Status : s2awrpph587154 Failed :Campaign:Testing Campaign 6
2023-03-31T06:12:36.275Z: {"email":"febriandy.yabie+inr@everlounge.net"}
2023-03-31T06:12:36.362Z: {"email":"febriandy.yabie+inr@everlounge.net"}
2023-03-31T06:12:37.473Z: {"email":"febriandy.yabie+thraf2@everlounge.net"}
2023-03-31T06:12:37.473Z: {"email":"febriandy.yabie+thraf2@everlounge.net"}
2023-03-31T06:12:38.318Z: {"email":"febriandy.yabie+inraf3@everlounge.net"}
2023-03-31T06:12:38.530Z: {"email":"febriandy.yabie+inraf3@everlounge.net"}
2023-03-31T06:12:39.278Z: {"email":"febriandy.yabie+1@everlounge.net"}
2023-03-31T06:12:39.401Z: {"email":"febriandy.yabie+1@everlounge.net"}
2023-03-31T06:12:40.284Z: {"email":"febriandy.yabie+1@everlounge.net"}
2023-03-31T06:12:40.406Z: {"email":"febriandy.yabie+1@everlounge.net"}
2023-03-31T06:12:41.285Z: {"email":"febriandy.yabie+2@everlounge.net"}
2023-03-31T06:12:41.379Z: {"email":"febriandy.yabie+2@everlounge.net"}
2023-03-31T06:12:42.277Z: {"email":"febriandy.yabie+my1@everlounge.net"}
2023-03-31T06:12:42.400Z: {"email":"febriandy.yabie+my1@everlounge.net"}
2023-03-31T06:12:43.436Z: {"email":"febriandy.yabie+my2@everlounge.net"}
2023-03-31T06:12:43.436Z: {"email":"febriandy.yabie+my2@everlounge.net"}
2023-03-31T06:12:44.288Z: {"email":"febriandy.yabie+my3@everlounge.net"}
2023-03-31T06:12:44.508Z: {"email":"febriandy.yabie+my3@everlounge.net"}
2023-03-31T06:12:45.410Z: {"email":"febriandy.yabie+vnraf3@everlounge.net"}
2023-03-31T06:12:45.410Z: Campaign: Testing Campaign 5, Result: 10 sent, 10 failed
2023-03-31T06:12:45.410Z: {"email":"febriandy.yabie+vnraf3@everlounge.net"}
2023-03-31T06:12:45.411Z: Campaign: Testing Campaign 6, Result: 10 sent, 10 failed
2023-03-31T06:14:07.270Z: Listening on port 8041
2023-03-31T06:14:07.278Z: Successfully connected to {localhost}
2023-03-31T06:14:09.362Z: Successfully connected to {data-platform.ckghnqcooulj.ap-southeast-1.redshift.amazonaws.com}
2023-03-31T06:24:22.065Z: {"statusCode":200,"status":true,"message":"Config Added","data":[]}
2023-03-31T06:24:36.843Z: Status : s2tdtftr239276 Failed :Campaign:Testing Campaign 1
2023-03-31T06:24:37.149Z: Status : s2mmgmqv584475 Failed :Campaign:Testing Campaign 1
2023-03-31T06:24:37.360Z: Status : s2nydfrq976541 Failed :Campaign:Testing Campaign 1
2023-03-31T06:24:37.762Z: Status : s2poyuqr641549 Failed :Campaign:Testing Campaign 1
2023-03-31T06:24:37.764Z: Status : s2oxutki739774 Failed :Campaign:Testing Campaign 1
2023-03-31T06:24:38.168Z: Status : s2bcelgz003769 Failed :Campaign:Testing Campaign 1
2023-03-31T06:24:38.775Z: Status : s2zkdtrd297338 Failed :Campaign:Testing Campaign 1
2023-03-31T06:24:39.991Z: Status : s2sthajs721606 Failed :Campaign:Testing Campaign 1
2023-03-31T06:24:40.767Z: Status : s2yemnil959403 Failed :Campaign:Testing Campaign 1
2023-03-31T06:24:42.024Z: Status : s2awrpph587154 Failed :Campaign:Testing Campaign 1
2023-03-31T06:24:42.229Z: {"email":"febriandy.yabie+inr@everlounge.net"}
2023-03-31T06:24:43.227Z: {"email":"febriandy.yabie+thraf2@everlounge.net"}
2023-03-31T06:24:44.203Z: {"email":"febriandy.yabie+inraf3@everlounge.net"}
2023-03-31T06:24:45.260Z: {"email":"febriandy.yabie+1@everlounge.net"}
2023-03-31T06:24:46.205Z: {"email":"febriandy.yabie+1@everlounge.net"}
2023-03-31T06:24:47.208Z: {"email":"febriandy.yabie+2@everlounge.net"}
2023-03-31T06:24:48.200Z: {"email":"febriandy.yabie+my1@everlounge.net"}
2023-03-31T06:24:49.195Z: {"email":"febriandy.yabie+my2@everlounge.net"}
2023-03-31T06:24:50.197Z: {"email":"febriandy.yabie+my3@everlounge.net"}
2023-03-31T06:24:51.191Z: {"email":"febriandy.yabie+vnraf3@everlounge.net"}
2023-03-31T06:24:51.191Z: Campaign: Testing Campaign 1, Result: 10 sent, 10 failed
2023-03-31T06:26:11.877Z: {"statusCode":200,"status":true,"message":"Config Added","data":[]}
2023-03-31T06:26:24.365Z: {"email":"febriandy.yabie+thraf2@everlounge.net"}
2023-03-31T06:26:25.012Z: Status : s2tdtftr239276 Failed :Campaign:Testing Campaign 1
2023-03-31T06:26:25.179Z: {"email":"febriandy.yabie+1@everlounge.net"}
2023-03-31T06:26:25.442Z: Status : s2oxutki739774 Failed :Campaign:Testing Campaign 1
2023-03-31T06:26:26.549Z: Status : s2bcelgz003769 Failed :Campaign:Testing Campaign 1
2023-03-31T06:26:27.021Z: {"email":"febriandy.yabie+2@everlounge.net"}
2023-03-31T06:26:28.572Z: Status : s2zkdtrd297338 Failed :Campaign:Testing Campaign 1
2023-03-31T06:26:29.085Z: {"email":"febriandy.yabie+my2@everlounge.net"}
2023-03-31T06:26:30.490Z: Status : s2yemnil959403 Failed :Campaign:Testing Campaign 1
2023-03-31T06:26:30.994Z: {"email":"febriandy.yabie+vnraf3@everlounge.net"}
2023-03-31T06:27:06.445Z: {"statusCode":200,"status":true,"message":"Config Added","data":[]}
2023-03-31T06:27:18.948Z: {"email":"febriandy.yabie+thraf2@everlounge.net"}
2023-03-31T06:27:19.590Z: {"email":"febriandy.yabie+1@everlounge.net"}
2023-03-31T06:27:19.591Z: Status : s2tdtftr239276 Failed :Campaign:Testing Campaign 2
2023-03-31T06:27:19.982Z: Status : s2oxutki739774 Failed :Campaign:Testing Campaign 2
2023-03-31T06:27:21.277Z: Status : s2bcelgz003769 Failed :Campaign:Testing Campaign 2
2023-03-31T06:27:21.994Z: {"email":"febriandy.yabie+2@everlounge.net"}
2023-03-31T06:27:23.220Z: Status : s2zkdtrd297338 Failed :Campaign:Testing Campaign 2
2023-03-31T06:27:24.064Z: {"email":"febriandy.yabie+my2@everlounge.net"}
2023-03-31T06:27:25.721Z: {"email":"febriandy.yabie+vnraf3@everlounge.net"}
2023-03-31T06:27:25.819Z: Status : s2yemnil959403 Failed :Campaign:Testing Campaign 2
2023-03-31T06:27:25.819Z: Campaign: Testing Campaign 2, Result: 5 sent, 5 failed
2023-03-31T06:33:28.505Z: Listening on port 8041
2023-03-31T06:33:28.516Z: Successfully connected to {localhost}
2023-03-31T06:33:30.993Z: Successfully connected to {data-platform.ckghnqcooulj.ap-southeast-1.redshift.amazonaws.com}
2023-03-31T06:33:33.311Z: {"statusCode":200,"status":true,"message":"Config Added","data":[]}
2023-03-31T06:33:45.793Z: {"from":"test","email":"febriandy.yabie+thraf2@everlounge.net","subject":"TESTING EMAIL"}
2023-03-31T06:33:46.459Z: {"from":"test","email":"febriandy.yabie+1@everlounge.net","subject":"TESTING EMAIL"}
2023-03-31T06:33:47.179Z: Status : s2tdtftr239276 Failed :Campaign:Testing Campaign 2
2023-03-31T06:33:47.582Z: Status : s2oxutki739774 Failed :Campaign:Testing Campaign 2
2023-03-31T06:33:47.988Z: Status : s2bcelgz003769 Failed :Campaign:Testing Campaign 2
2023-03-31T06:33:48.454Z: {"from":"test","email":"febriandy.yabie+2@everlounge.net","subject":"TESTING EMAIL"}
2023-03-31T06:33:50.082Z: Status : s2zkdtrd297338 Failed :Campaign:Testing Campaign 2
2023-03-31T06:33:50.458Z: {"from":"test","email":"febriandy.yabie+my2@everlounge.net","subject":"TESTING EMAIL"}
2023-03-31T06:33:52.459Z: {"from":"test","email":"febriandy.yabie+vnraf3@everlounge.net","subject":"TESTING EMAIL"}
2023-03-31T06:33:52.722Z: Status : s2yemnil959403 Failed :Campaign:Testing Campaign 2
2023-03-31T06:33:52.722Z: Campaign: Testing Campaign 2, Result: 5 sent, 5 failed
2023-03-31T06:37:28.368Z: Listening on port 8041
2023-03-31T06:37:28.377Z: Successfully connected to {localhost}
2023-03-31T06:37:31.566Z: Successfully connected to {data-platform.ckghnqcooulj.ap-southeast-1.redshift.amazonaws.com}
2023-03-31T06:37:32.207Z: {"statusCode":200,"status":true,"message":"Config Added","data":[]}
2023-03-31T06:37:48.332Z: Status : s2tdtftr239276 Failed :Campaign:Testing Campaign 2
2023-03-31T06:37:48.756Z: {"from":"test","email":"febriandy.yabie+thraf2@everlounge.net","subject":"TESTING EMAIL"}
2023-03-31T06:37:49.048Z: {"from":"test","email":"febriandy.yabie+1@everlounge.net","subject":"TESTING EMAIL"}
2023-03-31T06:37:49.545Z: Status : s2bcelgz003769 Failed :Campaign:Testing Campaign 2
2023-03-31T06:37:50.003Z: {"from":"test","email":"febriandy.yabie+2@everlounge.net","subject":"TESTING EMAIL"}
2023-03-31T06:37:50.424Z: {"from":"test","email":"febriandy.yabie+my2@everlounge.net","subject":"TESTING EMAIL"}
2023-03-31T06:37:50.456Z: Status : s2oxutki739774 Failed :Campaign:Testing Campaign 2
2023-03-31T06:37:51.825Z: Status : s2yemnil959403 Failed :Campaign:Testing Campaign 2
2023-03-31T06:37:51.925Z: Status : s2zkdtrd297338 Failed :Campaign:Testing Campaign 2
2023-03-31T06:37:52.434Z: {"from":"test","email":"febriandy.yabie+vnraf3@everlounge.net","subject":"TESTING EMAIL"}
2023-03-31T06:37:52.434Z: Campaign: Testing Campaign 2, Result: 5 sent, 5 failed
2023-03-31T06:39:47.445Z: Listening on port 8041
2023-03-31T06:39:47.457Z: Successfully connected to {localhost}
2023-03-31T06:39:49.072Z: Successfully connected to {data-platform.ckghnqcooulj.ap-southeast-1.redshift.amazonaws.com}
2023-03-31T06:39:51.138Z: {"statusCode":200,"status":true,"message":"Config Added","data":[]}
2023-03-31T06:40:07.298Z: {"from":"test","email":"febriandy.yabie+thraf2@everlounge.net","subject":"TESTING EMAIL"}
2023-03-31T06:40:07.401Z: {"from":"test","email":"febriandy.yabie+1@everlounge.net","subject":"TESTING EMAIL"}
2023-03-31T06:40:09.449Z: {"from":"test","email":"febriandy.yabie+my2@everlounge.net","subject":"TESTING EMAIL"}
2023-03-31T06:40:10.072Z: Status : s2tdtftr239276 Failed :Campaign:Testing Campaign 2
2023-03-31T06:40:10.165Z: Status : s2oxutki739774 Failed :Campaign:Testing Campaign 2
2023-03-31T06:40:10.741Z: Status : s2bcelgz003769 Failed :Campaign:Testing Campaign 2
2023-03-31T06:40:11.092Z: {"from":"test","email":"febriandy.yabie+2@everlounge.net","subject":"TESTING EMAIL"}
2023-03-31T06:40:11.191Z: {"from":"test","email":"febriandy.yabie+vnraf3@everlounge.net","subject":"TESTING EMAIL"}
2023-03-31T06:40:11.593Z: Status : s2yemnil959403 Failed :Campaign:Testing Campaign 2
2023-03-31T06:40:11.684Z: Status : s2zkdtrd297338 Failed :Campaign:Testing Campaign 2
2023-03-31T06:40:11.684Z: Campaign: Testing Campaign 2, Result: 5 sent, 5 failed
2023-03-31T06:40:47.660Z: Listening on port 8041
2023-03-31T06:40:47.671Z: Successfully connected to {localhost}
2023-03-31T06:40:48.773Z: Successfully connected to {data-platform.ckghnqcooulj.ap-southeast-1.redshift.amazonaws.com}
2023-03-31T06:41:26.201Z: {"statusCode":200,"status":true,"message":"Config Added","data":[]}
2023-03-31T06:41:39.880Z: {"from":"test","email":"febriandy.yabie+thraf2@everlounge.net","subject":"TESTING EMAIL"}
2023-03-31T06:41:42.068Z: Status : s2tdtftr239276 Failed :Campaign:Testing Campaign 2
2023-03-31T06:41:42.676Z: {"from":"test","email":"febriandy.yabie+1@everlounge.net","subject":"TESTING EMAIL"}
2023-03-31T06:41:42.676Z: {"from":"test","email":"febriandy.yabie+2@everlounge.net","subject":"TESTING EMAIL"}
2023-03-31T06:41:42.835Z: Status : s2zkdtrd297338 Failed :Campaign:Testing Campaign 2
2023-03-31T06:41:43.446Z: Status : s2oxutki739774 Failed :Campaign:Testing Campaign 2
2023-03-31T06:41:43.522Z: Status : s2bcelgz003769 Failed :Campaign:Testing Campaign 2
2023-03-31T06:41:43.706Z: {"from":"test","email":"febriandy.yabie+my2@everlounge.net","subject":"TESTING EMAIL"}
2023-03-31T06:41:44.906Z: Status : s2yemnil959403 Failed :Campaign:Testing Campaign 2
2023-03-31T06:41:45.335Z: {"from":"test","email":"febriandy.yabie+vnraf3@everlounge.net","subject":"TESTING EMAIL"}
2023-03-31T06:41:45.335Z: Campaign: Testing Campaign 2, Result: 5 sent, 5 failed
2023-03-31T06:42:31.495Z: Listening on port 8041
2023-03-31T06:42:31.504Z: Successfully connected to {localhost}
2023-03-31T06:42:32.855Z: Successfully connected to {data-platform.ckghnqcooulj.ap-southeast-1.redshift.amazonaws.com}
2023-03-31T06:42:33.999Z: {"statusCode":200,"status":true,"message":"Config Added","data":[]}
2023-03-31T06:42:44.018Z: s2tdtftr239276,undefined
2023-03-31T06:42:44.018Z: s2mmgmqv584475,undefined
2023-03-31T06:42:44.018Z: s2oxutki739774,undefined
2023-03-31T06:42:44.018Z: s2nydfrq976541,undefined
2023-03-31T06:42:44.018Z: s2bcelgz003769,undefined
2023-03-31T06:42:44.018Z: s2poyuqr641549,undefined
2023-03-31T06:42:44.018Z: s2zkdtrd297338,undefined
2023-03-31T06:42:44.018Z: s2sthajs721606,undefined
2023-03-31T06:42:44.019Z: s2yemnil959403,undefined
2023-03-31T06:42:44.019Z: s2awrpph587154,undefined
2023-03-31T06:42:48.485Z: {"from":"test","email":"febriandy.yabie+thraf2@everlounge.net","subject":"TESTING EMAIL"}
2023-03-31T06:42:50.544Z: Status : s2tdtftr239276 Failed :Campaign:Testing Campaign 2
2023-03-31T06:42:50.618Z: {"from":"test","email":"febriandy.yabie+2@everlounge.net","subject":"TESTING EMAIL"}
2023-03-31T06:42:51.021Z: Status : s2oxutki739774 Failed :Campaign:Testing Campaign 2
2023-03-31T06:42:51.022Z: {"from":"test","email":"febriandy.yabie+1@everlounge.net","subject":"TESTING EMAIL"}
2023-03-31T06:42:51.588Z: Status : s2zkdtrd297338 Failed :Campaign:Testing Campaign 2
2023-03-31T06:42:52.143Z: Status : s2bcelgz003769 Failed :Campaign:Testing Campaign 2
2023-03-31T06:42:52.603Z: Status : s2yemnil959403 Failed :Campaign:Testing Campaign 2
2023-03-31T06:42:52.741Z: {"from":"test","email":"febriandy.yabie+my2@everlounge.net","subject":"TESTING EMAIL"}
2023-03-31T06:42:53.223Z: {"from":"test","email":"febriandy.yabie+vnraf3@everlounge.net","subject":"TESTING EMAIL"}
2023-03-31T06:42:53.224Z: Campaign: Testing Campaign 2, Result: 5 sent, 5 failed
2023-03-31T06:43:23.625Z: Listening on port 8041
2023-03-31T06:43:23.635Z: Successfully connected to {localhost}
2023-03-31T06:43:25.265Z: Successfully connected to {data-platform.ckghnqcooulj.ap-southeast-1.redshift.amazonaws.com}
2023-03-31T06:43:27.142Z: {"statusCode":200,"status":true,"message":"Config Added","data":[]}
2023-03-31T06:43:40.443Z: {"from":"test","email":"febriandy.yabie+thraf2@everlounge.net","subject":"TESTING EMAIL","template_id":"618738"}
2023-03-31T06:43:42.313Z: Status : s2tdtftr239276 Failed :Campaign:Testing Campaign 2
2023-03-31T06:43:42.850Z: Status : s2bcelgz003769 Failed :Campaign:Testing Campaign 2
2023-03-31T06:43:43.451Z: Status : s2oxutki739774 Failed :Campaign:Testing Campaign 2
2023-03-31T06:43:43.771Z: {"from":"test","email":"febriandy.yabie+1@everlounge.net","subject":"TESTING EMAIL","template_id":"618738"}
2023-03-31T06:43:43.852Z: Status : s2zkdtrd297338 Failed :Campaign:Testing Campaign 2
2023-03-31T06:43:44.718Z: {"from":"test","email":"febriandy.yabie+2@everlounge.net","subject":"TESTING EMAIL","template_id":"618738"}
2023-03-31T06:43:45.008Z: {"from":"test","email":"febriandy.yabie+my2@everlounge.net","subject":"TESTING EMAIL","template_id":"618738"}
2023-03-31T06:43:45.936Z: Status : s2yemnil959403 Failed :Campaign:Testing Campaign 2
2023-03-31T06:43:46.275Z: {"from":"test","email":"febriandy.yabie+vnraf3@everlounge.net","subject":"TESTING EMAIL","template_id":"618738"}
2023-03-31T06:43:46.275Z: Campaign: Testing Campaign 2, Result: 5 sent, 5 failed
2023-03-31T06:51:27.096Z: Listening on port 8041
2023-03-31T06:51:27.109Z: Successfully connected to {localhost}
2023-03-31T06:51:29.040Z: Successfully connected to {data-platform.ckghnqcooulj.ap-southeast-1.redshift.amazonaws.com}
2023-03-31T06:51:30.782Z: {"statusCode":200,"status":true,"message":"Config Added","data":[]}
2023-03-31T06:51:46.468Z: Status : s2tdtftr239276 Failed, Campaign:Testing Campaign 2
2023-03-31T06:51:47.466Z: Status : s2zkdtrd297338 Failed, Campaign:Testing Campaign 2
2023-03-31T06:51:47.468Z: Status : s2mmgmqv584475 Sent, Campaign : Testing Campaign 2
2023-03-31T06:51:47.779Z: Status : s2bcelgz003769 Failed, Campaign:Testing Campaign 2
2023-03-31T06:51:47.874Z: Status : s2oxutki739774 Failed, Campaign:Testing Campaign 2
2023-03-31T06:51:48.276Z: Status : s2nydfrq976541 Sent, Campaign : Testing Campaign 2
2023-03-31T06:51:48.608Z: Status : s2poyuqr641549 Sent, Campaign : Testing Campaign 2
2023-03-31T06:51:49.642Z: Status : s2yemnil959403 Failed, Campaign:Testing Campaign 2
2023-03-31T06:51:49.836Z: Status : s2sthajs721606 Sent, Campaign : Testing Campaign 2
2023-03-31T06:51:50.522Z: Status : s2awrpph587154 Sent, Campaign : Testing Campaign 2
2023-03-31T06:51:50.522Z: Campaign: Testing Campaign 2, Result: 5 sent, 5 failed
2023-03-31T06:52:37.976Z: Listening on port 8041
2023-03-31T06:52:37.985Z: Successfully connected to {localhost}
2023-03-31T06:52:39.327Z: Successfully connected to {data-platform.ckghnqcooulj.ap-southeast-1.redshift.amazonaws.com}
2023-03-31T06:54:03.676Z: {"statusCode":200,"status":true,"message":"Config Added","data":[]}
2023-03-31T06:54:18.923Z: Status : s2mmgmqv584475 Sent, Campaign : Testing Campaign 2
2023-03-31T06:54:18.931Z: Status : s2tdtftr239276 Failed, Campaign:Testing Campaign 2
2023-03-31T06:54:19.683Z: Status : s2nydfrq976541 Sent, Campaign : Testing Campaign 2
2023-03-31T06:54:19.699Z: Status : s2bcelgz003769 Failed, Campaign:Testing Campaign 2
2023-03-31T06:54:19.771Z: Status : s2oxutki739774 Failed, Campaign:Testing Campaign 2
2023-03-31T06:54:20.428Z: Status : s2zkdtrd297338 Failed, Campaign:Testing Campaign 2
2023-03-31T06:54:21.075Z: Status : s2poyuqr641549 Sent, Campaign : Testing Campaign 2
2023-03-31T06:54:22.405Z: Status : s2yemnil959403 Failed, Campaign:Testing Campaign 2
2023-03-31T06:54:23.314Z: Status : s2awrpph587154 Sent, Campaign : Testing Campaign 2
2023-03-31T06:54:24.139Z: Status : s2sthajs721606 Sent, Campaign : Testing Campaign 2
2023-03-31T06:54:24.139Z: Campaign: Testing Campaign 2, Result: 5 sent, 5 failed
2023-03-31T06:55:42.232Z: Listening on port 8041
2023-03-31T06:55:42.240Z: Successfully connected to {localhost}
2023-03-31T06:55:44.373Z: Successfully connected to {data-platform.ckghnqcooulj.ap-southeast-1.redshift.amazonaws.com}
2023-03-31T06:55:44.936Z: {"statusCode":200,"status":true,"message":"Config Added","data":[]}
2023-03-31T06:55:59.135Z: Status : s2tdtftr239276 Failed, Campaign:Testing Campaign 2
2023-03-31T06:56:00.166Z: Status : s2oxutki739774 Failed, Campaign:Testing Campaign 2
2023-03-31T06:56:00.394Z: Status : s2mmgmqv584475 Sent, Campaign : Testing Campaign 2
2023-03-31T06:56:02.864Z: Status : s2zkdtrd297338 Failed, Campaign:Testing Campaign 2
2023-03-31T06:56:03.611Z: Status : s2yemnil959403 Failed, Campaign:Testing Campaign 2
2023-03-31T06:56:04.673Z: Status : s2awrpph587154 Sent, Campaign : Testing Campaign 2
2023-03-31T06:56:21.885Z: Status : s2sthajs721606 Sent, Campaign : Testing Campaign 2
2023-03-31T06:56:21.992Z: Status : s2nydfrq976541 Sent, Campaign : Testing Campaign 2
2023-03-31T06:56:22.006Z: Status : s2poyuqr641549 Sent, Campaign : Testing Campaign 2
2023-03-31T06:56:22.089Z: Status : s2bcelgz003769 Failed, Campaign:Testing Campaign 2
2023-03-31T06:56:22.089Z: Campaign: Testing Campaign 2, Result: 5 sent, 5 failed
2023-03-31T06:57:29.072Z: Listening on port 8041
2023-03-31T06:57:29.080Z: Successfully connected to {localhost}
2023-03-31T06:57:31.024Z: Successfully connected to {data-platform.ckghnqcooulj.ap-southeast-1.redshift.amazonaws.com}
2023-03-31T06:57:32.436Z: {"statusCode":200,"status":true,"message":"Config Added","data":[]}
2023-03-31T06:57:46.925Z: Status : s2tdtftr239276 Failed, Campaign:Testing Campaign 2
2023-03-31T06:57:47.013Z: Status : s2oxutki739774 Failed, Campaign:Testing Campaign 2
2023-03-31T06:57:47.847Z: Status : s2mmgmqv584475 Sent, Campaign : Testing Campaign 2
2023-03-31T06:57:48.035Z: Status : s2bcelgz003769 Failed, Campaign:Testing Campaign 2
2023-03-31T06:57:48.229Z: Status : s2nydfrq976541 Sent, Campaign : Testing Campaign 2
2023-03-31T06:57:48.818Z: Status : s2poyuqr641549 Sent, Campaign : Testing Campaign 2
2023-03-31T06:57:49.319Z: Status : s2zkdtrd297338 Failed, Campaign:Testing Campaign 2
2023-03-31T06:57:50.796Z: Status : s2sthajs721606 Sent, Campaign : Testing Campaign 2
2023-03-31T06:57:51.203Z: Status : s2yemnil959403 Failed, Campaign:Testing Campaign 2
2023-03-31T06:57:52.119Z: Status : s2awrpph587154 Sent, Campaign : Testing Campaign 2
2023-03-31T06:57:52.119Z: Campaign: Testing Campaign 2, Result: 5 sent, 5 failed
2023-03-31T07:00:06.761Z: Listening on port 8041
2023-03-31T07:00:06.769Z: Successfully connected to {localhost}
2023-03-31T07:00:08.914Z: Successfully connected to {data-platform.ckghnqcooulj.ap-southeast-1.redshift.amazonaws.com}
2023-03-31T07:00:13.333Z: {"statusCode":200,"status":true,"message":"Config Added","data":[]}
2023-03-31T07:00:27.807Z: Status : s2tdtftr239276 Failed, Campaign:Testing Campaign 2
2023-03-31T07:00:27.992Z: Status : s2oxutki739774 Failed, Campaign:Testing Campaign 2
2023-03-31T07:00:29.072Z: Status : s2mmgmqv584475 Sent, Campaign : Testing Campaign 2
2023-03-31T07:00:29.168Z: Status : s2nydfrq976541 Sent, Campaign : Testing Campaign 2
2023-03-31T07:00:30.113Z: Status : s2zkdtrd297338 Failed, Campaign:Testing Campaign 2
2023-03-31T07:00:30.817Z: Status : s2bcelgz003769 Failed, Campaign:Testing Campaign 2
2023-03-31T07:00:30.846Z: Status : s2poyuqr641549 Sent, Campaign : Testing Campaign 2
2023-03-31T07:00:30.942Z: Status : s2sthajs721606 Sent, Campaign : Testing Campaign 2
2023-03-31T07:00:32.051Z: Status : s2yemnil959403 Failed, Campaign:Testing Campaign 2
2023-03-31T07:00:33.151Z: Status : s2awrpph587154 Sent, Campaign : Testing Campaign 2
2023-03-31T07:00:33.151Z: Campaign: Testing Campaign 2, Result: 5 sent, 5 failed
2023-03-31T07:02:13.174Z: Listening on port 8041
2023-03-31T07:02:13.184Z: Successfully connected to {localhost}
2023-03-31T07:02:15.385Z: Successfully connected to {data-platform.ckghnqcooulj.ap-southeast-1.redshift.amazonaws.com}
2023-03-31T07:02:19.797Z: {"statusCode":200,"status":true,"message":"Config Added","data":[]}
2023-03-31T07:02:34.085Z: Status : s2tdtftr239276 Failed, Campaign:Testing Campaign 2
2023-03-31T07:02:34.116Z: Status : s2oxutki739774 Failed, Campaign:Testing Campaign 2
2023-03-31T07:02:34.121Z: Status : s2mmgmqv584475 Sent, Campaign : Testing Campaign 2
2023-03-31T07:02:34.993Z: Status : s2nydfrq976541 Sent, Campaign : Testing Campaign 2
2023-03-31T07:02:35.396Z: Status : s2poyuqr641549 Sent, Campaign : Testing Campaign 2
2023-03-31T07:02:35.474Z: Status : s2bcelgz003769 Failed, Campaign:Testing Campaign 2
2023-03-31T07:02:36.620Z: Status : s2zkdtrd297338 Failed, Campaign:Testing Campaign 2
2023-03-31T07:02:38.315Z: Status : s2sthajs721606 Sent, Campaign : Testing Campaign 2
2023-03-31T07:02:38.500Z: Status : s2yemnil959403 Failed, Campaign:Testing Campaign 2
2023-03-31T07:02:39.474Z: Status : s2awrpph587154 Sent, Campaign : Testing Campaign 2
2023-03-31T07:02:39.474Z: Campaign: Testing Campaign 2, Result: 5 sent, 5 failed
2023-03-31T07:04:08.992Z: Listening on port 8041
2023-03-31T07:04:09.001Z: Successfully connected to {localhost}
2023-03-31T07:04:11.056Z: Successfully connected to {data-platform.ckghnqcooulj.ap-southeast-1.redshift.amazonaws.com}
2023-03-31T07:04:13.037Z: {"statusCode":200,"status":true,"message":"Config Added","data":[]}
2023-03-31T07:04:26.871Z: Status : s2tdtftr239276 Failed, Campaign:Testing Campaign 2
2023-03-31T07:04:27.439Z: Status : s2oxutki739774 Failed, Campaign:Testing Campaign 2
2023-03-31T07:04:27.765Z: Status : s2mmgmqv584475 Sent, Campaign : Testing Campaign 2
2023-03-31T07:04:27.846Z: Status : s2bcelgz003769 Failed, Campaign:Testing Campaign 2
2023-03-31T07:04:28.006Z: Status : s2nydfrq976541 Sent, Campaign : Testing Campaign 2
2023-03-31T07:04:28.663Z: Status : s2poyuqr641549 Sent, Campaign : Testing Campaign 2
2023-03-31T07:04:29.832Z: Status : s2zkdtrd297338 Failed, Campaign:Testing Campaign 2
2023-03-31T07:04:30.571Z: Status : s2sthajs721606 Sent, Campaign : Testing Campaign 2
2023-03-31T07:04:31.785Z: Status : s2yemnil959403 Failed, Campaign:Testing Campaign 2
2023-03-31T07:04:32.763Z: Status : s2awrpph587154 Sent, Campaign : Testing Campaign 2
2023-03-31T07:04:32.763Z: Campaign: Testing Campaign 2, Result: 5 sent, 5 failed
2023-03-31T07:05:40.851Z: {"statusCode":200,"status":true,"message":"Config Added","data":[]}
2023-03-31T07:05:55.469Z: Status : s2tdtftr239276 Failed, Campaign:Testing Campaign 2
2023-03-31T07:05:56.411Z: Status : s2mmgmqv584475 Sent, Campaign : Testing Campaign 2
2023-03-31T07:05:56.411Z: Campaign: Testing Campaign 2, Result: 1 sent, 1 failed
2023-03-31T07:07:12.201Z: Listening on port 8041
2023-03-31T07:07:12.211Z: Successfully connected to {localhost}
2023-03-31T07:07:14.608Z: Successfully connected to {data-platform.ckghnqcooulj.ap-southeast-1.redshift.amazonaws.com}
2023-03-31T07:08:11.165Z: {"statusCode":200,"status":true,"message":"Config Added","data":[]}
2023-03-31T07:08:24.757Z: Status : s2tdtftr239276 Failed, Campaign:Testing Campaign 1
2023-03-31T07:08:25.531Z: Status : s2oxutki739774 Failed, Campaign:Testing Campaign 1
2023-03-31T07:08:25.630Z: Status : s2mmgmqv584475 Sent, Campaign : Testing Campaign 1
2023-03-31T07:08:25.950Z: Status : s2bcelgz003769 Failed, Campaign:Testing Campaign 1
2023-03-31T07:08:26.287Z: Status : s2nydfrq976541 Sent, Campaign : Testing Campaign 1
2023-03-31T07:08:26.818Z: Status : s2poyuqr641549 Sent, Campaign : Testing Campaign 1
2023-03-31T07:08:27.900Z: Status : s2zkdtrd297338 Failed, Campaign:Testing Campaign 1
2023-03-31T07:08:28.750Z: Status : s2sthajs721606 Sent, Campaign : Testing Campaign 1
2023-03-31T07:08:29.943Z: Status : s2yemnil959403 Failed, Campaign:Testing Campaign 1
2023-03-31T07:08:30.846Z: Status : s2awrpph587154 Sent, Campaign : Testing Campaign 1
2023-03-31T07:08:30.846Z: Campaign: Testing Campaign 1, Result: 5 sent, 5 failed
2023-03-31T07:09:36.524Z: Listening on port 8041
2023-03-31T07:09:36.535Z: Successfully connected to {localhost}
2023-03-31T07:09:39.092Z: Successfully connected to {data-platform.ckghnqcooulj.ap-southeast-1.redshift.amazonaws.com}
2023-03-31T07:09:48.424Z: {"statusCode":200,"status":true,"message":"Config Added","data":[]}
2023-03-31T07:10:07.988Z: Status : s2tdtftr239276 Failed, Campaign:Testing Campaign 1
2023-03-31T07:10:08.861Z: Status : s2nydfrq976541 Sent, Campaign : Testing Campaign 1
2023-03-31T07:10:08.995Z: Status : s2oxutki739774 Failed, Campaign:Testing Campaign 1
2023-03-31T07:10:09.220Z: Status : s2poyuqr641549 Sent, Campaign : Testing Campaign 1
2023-03-31T07:10:09.548Z: Status : s2bcelgz003769 Failed, Campaign:Testing Campaign 1
2023-03-31T07:10:09.674Z: Status : s2mmgmqv584475 Sent, Campaign : Testing Campaign 1
2023-03-31T07:10:09.906Z: Status : s2yemnil959403 Failed, Campaign:Testing Campaign 1
2023-03-31T07:10:09.980Z: Status : s2sthajs721606 Sent, Campaign : Testing Campaign 1
2023-03-31T07:10:10.004Z: Status : s2awrpph587154 Sent, Campaign : Testing Campaign 1
2023-03-31T07:10:10.366Z: Status : s2zkdtrd297338 Failed, Campaign:Testing Campaign 1
2023-03-31T07:10:10.366Z: Campaign: Testing Campaign 1, Result: 5 sent, 5 failed
2023-03-31T07:10:32.386Z: Listening on port 8041
2023-03-31T07:10:32.395Z: Successfully connected to {localhost}
2023-03-31T07:10:34.346Z: Successfully connected to {data-platform.ckghnqcooulj.ap-southeast-1.redshift.amazonaws.com}
2023-03-31T07:10:41.499Z: {"statusCode":200,"status":true,"message":"Config Added","data":[]}
2023-03-31T07:10:50.404Z: Listening on port 8041
2023-03-31T07:10:50.413Z: Successfully connected to {localhost}
2023-03-31T07:10:52.043Z: Successfully connected to {data-platform.ckghnqcooulj.ap-southeast-1.redshift.amazonaws.com}
2023-03-31T07:11:02.835Z: Listening on port 8041
2023-03-31T07:11:02.846Z: Successfully connected to {localhost}
2023-03-31T07:11:04.897Z: Successfully connected to {data-platform.ckghnqcooulj.ap-southeast-1.redshift.amazonaws.com}
2023-03-31T07:11:06.429Z: {"statusCode":200,"status":true,"message":"Config Added","data":[]}
2023-03-31T07:11:20.560Z: Status : s2tdtftr239276 Failed, Campaign:Testing Campaign 1
2023-03-31T07:11:20.589Z: Status : s2tdtftr239276 Failed, Campaign:Testing Campaign 1
2023-03-31T07:11:20.598Z: Status : s2oxutki739774 Failed, Campaign:Testing Campaign 1
2023-03-31T07:11:20.851Z: Status : s2oxutki739774 Failed, Campaign:Testing Campaign 1
2023-03-31T07:11:21.016Z: Status : s2bcelgz003769 Failed, Campaign:Testing Campaign 1
2023-03-31T07:11:21.051Z: Status : s2bcelgz003769 Failed, Campaign:Testing Campaign 1
2023-03-31T07:11:21.199Z: Status : s2mmgmqv584475 Sent, Campaign : Testing Campaign 1
2023-03-31T07:11:21.296Z: Status : s2mmgmqv584475 Sent, Campaign : Testing Campaign 1
2023-03-31T07:11:21.632Z: Status : s2nydfrq976541 Sent, Campaign : Testing Campaign 1
2023-03-31T07:11:22.177Z: Status : s2nydfrq976541 Sent, Campaign : Testing Campaign 1
2023-03-31T07:11:22.177Z: Status : s2poyuqr641549 Sent, Campaign : Testing Campaign 1
2023-03-31T07:11:22.375Z: Status : s2poyuqr641549 Sent, Campaign : Testing Campaign 1
2023-03-31T07:11:23.154Z: Status : s2zkdtrd297338 Failed, Campaign:Testing Campaign 1
2023-03-31T07:11:23.254Z: Status : s2zkdtrd297338 Failed, Campaign:Testing Campaign 1
2023-03-31T07:11:24.175Z: Status : s2sthajs721606 Sent, Campaign : Testing Campaign 1
2023-03-31T07:11:24.271Z: Status : s2sthajs721606 Sent, Campaign : Testing Campaign 1
2023-03-31T07:11:25.120Z: Status : s2yemnil959403 Failed, Campaign:Testing Campaign 1
2023-03-31T07:11:25.215Z: Status : s2yemnil959403 Failed, Campaign:Testing Campaign 1
2023-03-31T07:11:26.132Z: Status : s2awrpph587154 Sent, Campaign : Testing Campaign 1
2023-03-31T07:11:26.133Z: Campaign: Testing Campaign 1, Result: 5 sent, 5 failed
2023-03-31T07:11:26.256Z: Status : s2awrpph587154 Sent, Campaign : Testing Campaign 1
2023-03-31T07:11:26.256Z: Campaign: Testing Campaign 1, Result: 5 sent, 5 failed
2023-03-31T07:13:25.625Z: Listening on port 8041
2023-03-31T07:13:25.636Z: Successfully connected to {localhost}
2023-03-31T07:13:27.548Z: Successfully connected to {data-platform.ckghnqcooulj.ap-southeast-1.redshift.amazonaws.com}
2023-03-31T07:13:45.730Z: {"statusCode":200,"status":true,"message":"Config Added","data":[]}
2023-03-31T07:14:00.637Z: Status : s2tdtftr239276 Failed, Campaign:Testing Campaign 1
2023-03-31T07:14:01.476Z: Status : s2nydfrq976541 Sent, Campaign : Testing Campaign 1
2023-03-31T07:14:01.555Z: Status : s2mmgmqv584475 Sent, Campaign : Testing Campaign 1
2023-03-31T07:14:01.700Z: Status : s2oxutki739774 Failed, Campaign:Testing Campaign 1
2023-03-31T07:14:01.780Z: Status : s2bcelgz003769 Failed, Campaign:Testing Campaign 1
2023-03-31T07:14:02.496Z: Status : s2zkdtrd297338 Failed, Campaign:Testing Campaign 1
2023-03-31T07:14:03.011Z: Status : s2poyuqr641549 Sent, Campaign : Testing Campaign 1
2023-03-31T07:14:03.633Z: Status : s2sthajs721606 Sent, Campaign : Testing Campaign 1
2023-03-31T07:14:04.564Z: Status : s2yemnil959403 Failed, Campaign:Testing Campaign 1
2023-03-31T07:14:05.733Z: Status : s2awrpph587154 Sent, Campaign : Testing Campaign 1
2023-03-31T07:14:05.733Z: Campaign: Testing Campaign 1, Result: 5 sent, 5 failed
2023-03-31T08:42:31.482Z: {"statusCode":200,"status":true,"message":"Config Added","data":[]}
2023-03-31T08:42:39.081Z: Listening on port 8041
2023-03-31T08:42:39.093Z: Successfully connected to {localhost}
2023-03-31T08:42:41.122Z: Successfully connected to {data-platform.ckghnqcooulj.ap-southeast-1.redshift.amazonaws.com}
2023-03-31T08:42:43.891Z: Listening on port 8041
2023-03-31T08:42:43.900Z: Successfully connected to {localhost}
2023-03-31T08:42:45.894Z: Successfully connected to {data-platform.ckghnqcooulj.ap-southeast-1.redshift.amazonaws.com}
2023-03-31T08:42:59.499Z: {"statusCode":200,"status":true,"message":"Config Added","data":[]}
2023-03-31T08:43:54.916Z: Listening on port 8041
2023-03-31T08:43:54.928Z: Successfully connected to {localhost}
2023-03-31T08:43:56.757Z: Successfully connected to {data-platform.ckghnqcooulj.ap-southeast-1.redshift.amazonaws.com}
2023-03-31T08:43:58.748Z: {"statusCode":200,"status":true,"message":"Config Added","data":[]}
2023-03-31T08:44:14.838Z: Status : s2tdtftr239276 Failed, Campaign:Testing Campaign 1
2023-03-31T08:44:15.666Z: Status : s2mmgmqv584475 Sent, Campaign : Testing Campaign 1
2023-03-31T08:44:16.432Z: Status : s2bcelgz003769 Failed, Campaign:Testing Campaign 1
2023-03-31T08:44:16.598Z: Status : s2oxutki739774 Failed, Campaign:Testing Campaign 1
2023-03-31T08:44:16.732Z: Status : s2zkdtrd297338 Failed, Campaign:Testing Campaign 1
2023-03-31T08:44:17.213Z: Status : s2poyuqr641549 Sent, Campaign : Testing Campaign 1
2023-03-31T08:44:17.648Z: Status : s2nydfrq976541 Sent, Campaign : Testing Campaign 1
2023-03-31T08:44:18.619Z: Status : s2yemnil959403 Failed, Campaign:Testing Campaign 1
2023-03-31T08:44:18.829Z: Status : s2sthajs721606 Sent, Campaign : Testing Campaign 1
2023-03-31T08:44:20.473Z: Status : s2awrpph587154 Sent, Campaign : Testing Campaign 1
2023-03-31T08:44:20.473Z: Campaign: Testing Campaign 1, Result: 5 sent, 5 failed
2023-03-31T09:00:30.701Z: Listening on port 8041
2023-03-31T09:00:30.713Z: Successfully connected to {localhost}
2023-03-31T09:00:34.465Z: Successfully connected to {data-platform.ckghnqcooulj.ap-southeast-1.redshift.amazonaws.com}
2023-03-31T09:09:25.217Z: Listening on port 8041
2023-03-31T09:09:25.230Z: Successfully connected to {localhost}
2023-03-31T09:09:26.849Z: Successfully connected to {data-platform.ckghnqcooulj.ap-southeast-1.redshift.amazonaws.com}
2023-03-31T09:09:29.158Z: {"statusCode":200,"status":true,"message":"Config Added","data":[]}
2023-03-31T09:09:46.091Z: Status : s2bcelgz003769 Failed, Campaign:Testing Campaign 1
2023-03-31T09:09:46.093Z: Error executing query: error: syntax error at or near "from"
2023-03-31T09:09:46.180Z: Status : s2oxutki739774 Failed, Campaign:Testing Campaign 1
2023-03-31T09:09:46.187Z: Error executing query: error: syntax error at or near "from"
2023-03-31T09:10:09.861Z: Status : s2tdtftr239276 Failed, Campaign:Testing Campaign 1
2023-03-31T09:10:09.868Z: Error executing query: error: syntax error at or near "from"
2023-03-31T09:10:10.517Z: Status : s2mmgmqv584475 Sent, Campaign : Testing Campaign 1
2023-03-31T09:10:10.535Z: Error executing query: error: syntax error at or near "from"
2023-03-31T09:10:11.000Z: Status : s2sthajs721606 Sent, Campaign : Testing Campaign 1
2023-03-31T09:10:11.006Z: Error executing query: error: syntax error at or near "from"
2023-03-31T09:10:11.106Z: Status : s2yemnil959403 Failed, Campaign:Testing Campaign 1
2023-03-31T09:10:11.113Z: Error executing query: error: syntax error at or near "from"
2023-03-31T09:10:12.116Z: Status : s2nydfrq976541 Sent, Campaign : Testing Campaign 1
2023-03-31T09:10:12.122Z: Error executing query: error: syntax error at or near "from"
2023-03-31T09:10:12.214Z: Status : s2poyuqr641549 Sent, Campaign : Testing Campaign 1
2023-03-31T09:10:12.221Z: Error executing query: error: syntax error at or near "from"
2023-03-31T09:10:12.250Z: Status : s2awrpph587154 Sent, Campaign : Testing Campaign 1
2023-03-31T09:10:12.256Z: Error executing query: error: syntax error at or near "from"
2023-03-31T09:10:12.310Z: Status : s2zkdtrd297338 Failed, Campaign:Testing Campaign 1
2023-03-31T09:10:12.310Z: Campaign: Testing Campaign 1, Result: 5 sent, 5 failed
2023-03-31T09:10:12.316Z: Error executing query: error: syntax error at or near "from"
2023-03-31T09:12:59.901Z: Listening on port 8041
2023-03-31T09:12:59.911Z: Successfully connected to {localhost}
2023-03-31T09:13:01.782Z: Successfully connected to {data-platform.ckghnqcooulj.ap-southeast-1.redshift.amazonaws.com}
2023-03-31T09:13:03.635Z: {"statusCode":200,"status":true,"message":"Config Added","data":[]}
2023-03-31T09:13:18.035Z: Status : s2tdtftr239276 Failed, Campaign:Testing Campaign 1
2023-03-31T09:13:18.037Z: Error executing query: error: syntax error at or near "from"
2023-03-31T09:13:19.355Z: Status : s2mmgmqv584475 Sent, Campaign : Testing Campaign 1
2023-03-31T09:13:19.361Z: Error executing query: error: syntax error at or near "from"
2023-03-31T09:13:19.451Z: Status : s2oxutki739774 Failed, Campaign:Testing Campaign 1
2023-03-31T09:13:19.458Z: Error executing query: error: syntax error at or near "from"
2023-03-31T09:13:19.650Z: Status : s2bcelgz003769 Failed, Campaign:Testing Campaign 1
2023-03-31T09:13:19.657Z: Error executing query: error: syntax error at or near "from"
2023-03-31T09:13:20.580Z: Status : s2nydfrq976541 Sent, Campaign : Testing Campaign 1
2023-03-31T09:13:20.586Z: Error executing query: error: syntax error at or near "from"
2023-03-31T09:13:21.078Z: Status : s2zkdtrd297338 Failed, Campaign:Testing Campaign 1
2023-03-31T09:13:21.085Z: Error executing query: error: syntax error at or near "from"
2023-03-31T09:13:21.133Z: Status : s2poyuqr641549 Sent, Campaign : Testing Campaign 1
2023-03-31T09:13:21.139Z: Error executing query: error: syntax error at or near "from"
2023-03-31T09:13:21.763Z: Status : s2sthajs721606 Sent, Campaign : Testing Campaign 1
2023-03-31T09:13:21.769Z: Error executing query: error: syntax error at or near "from"
2023-03-31T09:13:22.766Z: Status : s2yemnil959403 Failed, Campaign:Testing Campaign 1
2023-03-31T09:13:22.773Z: Error executing query: error: syntax error at or near "from"
2023-03-31T09:13:23.769Z: Status : s2awrpph587154 Sent, Campaign : Testing Campaign 1
2023-03-31T09:13:23.770Z: Campaign: Testing Campaign 1, Result: 5 sent, 5 failed
2023-03-31T09:13:23.770Z: Error executing query: error: syntax error at or near "from"
2023-03-31T09:15:39.356Z: Listening on port 8041
2023-03-31T09:15:39.365Z: Successfully connected to {localhost}
2023-03-31T09:15:41.009Z: Successfully connected to {data-platform.ckghnqcooulj.ap-southeast-1.redshift.amazonaws.com}
2023-03-31T09:15:42.338Z: {"statusCode":200,"status":true,"message":"Config Added","data":[]}
2023-03-31T09:15:56.364Z: Status : s2tdtftr239276 Failed, Campaign:Testing Campaign 1
2023-03-31T09:15:56.366Z: Error executing query: error: syntax error at or near "from"
2023-03-31T09:15:56.895Z: Status : s2oxutki739774 Failed, Campaign:Testing Campaign 1
2023-03-31T09:15:56.902Z: Error executing query: error: syntax error at or near "from"
2023-03-31T09:15:57.081Z: Status : s2bcelgz003769 Failed, Campaign:Testing Campaign 1
2023-03-31T09:15:57.087Z: Error executing query: error: syntax error at or near "from"
2023-03-31T09:15:57.398Z: Status : s2mmgmqv584475 Sent, Campaign : Testing Campaign 1
2023-03-31T09:15:57.403Z: Error executing query: error: syntax error at or near "from"
2023-03-31T09:15:57.874Z: Status : s2nydfrq976541 Sent, Campaign : Testing Campaign 1
2023-03-31T09:15:57.881Z: Error executing query: error: syntax error at or near "from"
2023-03-31T09:15:58.354Z: Status : s2poyuqr641549 Sent, Campaign : Testing Campaign 1
2023-03-31T09:15:58.361Z: Error executing query: error: syntax error at or near "from"
2023-03-31T09:15:59.186Z: Status : s2zkdtrd297338 Failed, Campaign:Testing Campaign 1
2023-03-31T09:15:59.193Z: Error executing query: error: syntax error at or near "from"
2023-03-31T09:16:00.127Z: Status : s2sthajs721606 Sent, Campaign : Testing Campaign 1
2023-03-31T09:16:00.133Z: Error executing query: error: syntax error at or near "from"
2023-03-31T09:16:01.338Z: Status : s2yemnil959403 Failed, Campaign:Testing Campaign 1
2023-03-31T09:16:01.344Z: Error executing query: error: syntax error at or near "from"
2023-03-31T09:16:02.114Z: Status : s2awrpph587154 Sent, Campaign : Testing Campaign 1
2023-03-31T09:16:02.114Z: Campaign: Testing Campaign 1, Result: 5 sent, 5 failed
2023-03-31T09:16:02.120Z: Error executing query: error: syntax error at or near "from"
2023-03-31T09:18:16.862Z: Listening on port 8041
2023-03-31T09:18:16.875Z: Successfully connected to {localhost}
2023-03-31T09:18:18.613Z: Successfully connected to {data-platform.ckghnqcooulj.ap-southeast-1.redshift.amazonaws.com}
2023-03-31T09:18:24.074Z: {"statusCode":200,"status":true,"message":"Config Added","data":[]}
2023-03-31T09:18:37.903Z: Status : s2tdtftr239276 Failed, Campaign:Testing Campaign 1
2023-03-31T09:18:38.377Z: Status : s2oxutki739774 Failed, Campaign:Testing Campaign 1
2023-03-31T09:18:38.687Z: Status : s2mmgmqv584475 Sent, Campaign : Testing Campaign 1
2023-03-31T09:18:38.764Z: Status : s2bcelgz003769 Failed, Campaign:Testing Campaign 1
2023-03-31T09:18:39.267Z: Status : s2nydfrq976541 Sent, Campaign : Testing Campaign 1
2023-03-31T09:18:39.835Z: Status : s2poyuqr641549 Sent, Campaign : Testing Campaign 1
2023-03-31T09:18:40.818Z: Status : s2zkdtrd297338 Failed, Campaign:Testing Campaign 1
2023-03-31T09:18:41.732Z: Status : s2sthajs721606 Sent, Campaign : Testing Campaign 1
2023-03-31T09:18:42.844Z: Status : s2yemnil959403 Failed, Campaign:Testing Campaign 1
2023-03-31T09:18:43.732Z: Status : s2awrpph587154 Sent, Campaign : Testing Campaign 1
2023-03-31T09:18:43.732Z: Campaign: Testing Campaign 1, Result: 5 sent, 5 failed
2023-03-31T12:43:46.007Z: Listening on port 8041
2023-03-31T12:43:46.020Z: Successfully connected to {localhost}
2023-03-31T12:43:48.404Z: Successfully connected to {data-platform.ckghnqcooulj.ap-southeast-1.redshift.amazonaws.com}
2023-03-31T12:43:50.115Z: {"statusCode":200,"status":true,"message":"Config Added","data":[]}
2023-03-31T12:44:08.483Z: Status : s2poyuqr641549 Sent, Campaign : Testing Campaign 1
2023-03-31T12:44:08.483Z: Status : s2mmgmqv584475 Sent, Campaign : Testing Campaign 1
2023-03-31T12:44:08.591Z: Status : s2tdtftr239276 Failed, Campaign:Testing Campaign 1
2023-03-31T12:44:08.939Z: Status : s2oxutki739774 Failed, Campaign:Testing Campaign 1
2023-03-31T12:44:09.437Z: Status : s2yemnil959403 Failed, Campaign:Testing Campaign 1
2023-03-31T12:44:09.454Z: Status : s2sthajs721606 Sent, Campaign : Testing Campaign 1
2023-03-31T12:44:09.891Z: Status : s2zkdtrd297338 Failed, Campaign:Testing Campaign 1
2023-03-31T12:44:10.018Z: Status : s2nydfrq976541 Sent, Campaign : Testing Campaign 1
2023-03-31T12:44:10.481Z: Status : s2bcelgz003769 Failed, Campaign:Testing Campaign 1
2023-03-31T12:44:10.842Z: Status : s2awrpph587154 Sent, Campaign : Testing Campaign 1
2023-03-31T12:44:10.842Z: Campaign: Testing Campaign 1, Result: 5 sent, 5 failed
2023-03-31T12:44:59.938Z: Listening on port 8041
2023-03-31T12:44:59.950Z: Successfully connected to {localhost}
2023-03-31T12:45:03.717Z: Successfully connected to {data-platform.ckghnqcooulj.ap-southeast-1.redshift.amazonaws.com}
2023-03-31T12:45:05.200Z: {"statusCode":200,"status":true,"message":"Config Added","data":[]}
2023-03-31T12:45:22.674Z: Status : s2tdtftr239276 Failed, Campaign:Testing Campaign 1
2023-03-31T12:45:23.420Z: Status : s2mmgmqv584475 Sent, Campaign : Testing Campaign 1
2023-03-31T12:45:23.658Z: Status : s2zkdtrd297338 Failed, Campaign:Testing Campaign 1
2023-03-31T12:45:24.447Z: Status : s2bcelgz003769 Failed, Campaign:Testing Campaign 1
2023-03-31T12:45:25.113Z: Status : s2sthajs721606 Sent, Campaign : Testing Campaign 1
2023-03-31T12:45:25.113Z: Status : s2nydfrq976541 Sent, Campaign : Testing Campaign 1
2023-03-31T12:45:25.232Z: Status : s2oxutki739774 Failed, Campaign:Testing Campaign 1
2023-03-31T12:45:25.234Z: Status : s2poyuqr641549 Sent, Campaign : Testing Campaign 1
2023-03-31T12:45:25.669Z: Status : s2awrpph587154 Sent, Campaign : Testing Campaign 1
2023-03-31T12:45:25.698Z: Status : s2yemnil959403 Failed, Campaign:Testing Campaign 1
2023-03-31T12:45:25.698Z: Campaign: Testing Campaign 1, Result: 5 sent, 5 failed
2023-03-31T12:46:12.785Z: Listening on port 8041
2023-03-31T12:46:12.796Z: Successfully connected to {localhost}
2023-03-31T12:46:17.949Z: Successfully connected to {data-platform.ckghnqcooulj.ap-southeast-1.redshift.amazonaws.com}
2023-03-31T12:46:20.741Z: {"statusCode":200,"status":true,"message":"Config Added","data":[]}
2023-03-31T12:46:36.695Z: Status : s2mmgmqv584475 Failed, Campaign:Testing Campaign 1
2023-03-31T12:46:37.042Z: Status : s2tdtftr239276 Failed, Campaign:Testing Campaign 1
2023-03-31T12:46:37.840Z: Status : s2nydfrq976541 Sent, Campaign : Testing Campaign 1
2023-03-31T12:46:38.073Z: Status : s2zkdtrd297338 Failed, Campaign:Testing Campaign 1
2023-03-31T12:46:38.189Z: Status : s2poyuqr641549 Sent, Campaign : Testing Campaign 1
2023-03-31T12:46:38.301Z: Status : s2bcelgz003769 Failed, Campaign:Testing Campaign 1
2023-03-31T12:46:38.626Z: Status : s2oxutki739774 Failed, Campaign:Testing Campaign 1
2023-03-31T12:46:39.120Z: Status : s2sthajs721606 Failed, Campaign:Testing Campaign 1
2023-03-31T12:46:39.657Z: Status : s2yemnil959403 Failed, Campaign:Testing Campaign 1
2023-03-31T12:46:40.444Z: Status : s2awrpph587154 Sent, Campaign : Testing Campaign 1
2023-03-31T12:46:40.444Z: Campaign: Testing Campaign 1, Result: 3 sent, 7 failed
2023-03-31T12:47:09.192Z: Listening on port 8041
2023-03-31T12:47:09.201Z: Successfully connected to {localhost}
2023-03-31T12:47:13.394Z: Successfully connected to {data-platform.ckghnqcooulj.ap-southeast-1.redshift.amazonaws.com}
2023-03-31T12:47:14.824Z: {"statusCode":200,"status":true,"message":"Config Added","data":[]}
2023-03-31T12:47:30.705Z: Status : s2tdtftr239276 Failed, Campaign:Testing Campaign 1
2023-03-31T12:47:30.930Z: Status : s2mmgmqv584475 Failed, Campaign:Testing Campaign 1
2023-03-31T12:47:31.844Z: Status : s2oxutki739774 Failed, Campaign:Testing Campaign 1
2023-03-31T12:47:32.286Z: Status : s2nydfrq976541 Sent, Campaign : Testing Campaign 1
2023-03-31T12:47:32.373Z: Status : s2bcelgz003769 Failed, Campaign:Testing Campaign 1
2023-03-31T12:47:32.749Z: Status : s2poyuqr641549 Sent, Campaign : Testing Campaign 1
2023-03-31T12:47:32.872Z: Status : s2sthajs721606 Failed, Campaign:Testing Campaign 1
2023-03-31T12:47:33.875Z: Status : s2yemnil959403 Failed, Campaign:Testing Campaign 1
2023-03-31T12:47:34.694Z: Status : s2awrpph587154 Sent, Campaign : Testing Campaign 1
2023-03-31T12:47:35.216Z: Status : s2zkdtrd297338 Failed, Campaign:Testing Campaign 1
2023-03-31T12:47:35.216Z: Campaign: Testing Campaign 1, Result: 3 sent, 7 failed
2023-03-31T12:48:20.986Z: Listening on port 8041
2023-03-31T12:48:20.995Z: Successfully connected to {localhost}
2023-03-31T12:48:23.775Z: Successfully connected to {data-platform.ckghnqcooulj.ap-southeast-1.redshift.amazonaws.com}
2023-03-31T12:48:25.662Z: {"statusCode":200,"status":true,"message":"Config Added","data":[]}
2023-03-31T12:48:43.603Z: Status : s2tdtftr239276 Failed, Campaign:Testing Campaign 1
2023-03-31T12:48:44.034Z: Status : s2mmgmqv584475 Failed, Campaign:Testing Campaign 1
2023-03-31T12:48:45.162Z: Status : s2yemnil959403 Failed, Campaign:Testing Campaign 1
2023-03-31T12:48:45.166Z: Status : s2poyuqr641549 Sent, Campaign : Testing Campaign 1
2023-03-31T12:48:45.506Z: Status : s2oxutki739774 Failed, Campaign:Testing Campaign 1
2023-03-31T12:48:45.588Z: Status : s2nydfrq976541 Sent, Campaign : Testing Campaign 1
2023-03-31T12:48:45.620Z: Status : s2bcelgz003769 Failed, Campaign:Testing Campaign 1
2023-03-31T12:48:45.701Z: Status : s2sthajs721606 Failed, Campaign:Testing Campaign 1
2023-03-31T12:48:45.737Z: Status : s2zkdtrd297338 Failed, Campaign:Testing Campaign 1
2023-03-31T12:48:45.857Z: Status : s2awrpph587154 Sent, Campaign : Testing Campaign 1
2023-03-31T12:48:45.857Z: Campaign: Testing Campaign 1, Result: 3 sent, 7 failed
2023-03-31T12:49:33.922Z: Listening on port 8041
2023-03-31T12:49:33.931Z: Successfully connected to {localhost}
2023-03-31T12:49:35.779Z: Successfully connected to {data-platform.ckghnqcooulj.ap-southeast-1.redshift.amazonaws.com}
2023-03-31T12:49:36.316Z: {"statusCode":200,"status":true,"message":"Config Added","data":[]}
2023-03-31T12:49:52.032Z: Status : s2mmgmqv584475 Failed, Campaign:Testing Campaign 1
2023-03-31T12:49:52.480Z: Status : s2oxutki739774 Failed, Campaign:Testing Campaign 1
2023-03-31T12:49:52.871Z: Status : s2tdtftr239276 Failed, Campaign:Testing Campaign 1
2023-03-31T12:49:52.976Z: Status : s2bcelgz003769 Failed, Campaign:Testing Campaign 1
2023-03-31T12:49:53.558Z: Status : s2nydfrq976541 Sent, Campaign : Testing Campaign 1
2023-03-31T12:49:53.958Z: Status : s2poyuqr641549 Sent, Campaign : Testing Campaign 1
2023-03-31T12:49:54.222Z: Status : s2zkdtrd297338 Failed, Campaign:Testing Campaign 1
2023-03-31T12:49:54.223Z: Status : s2sthajs721606 Failed, Campaign:Testing Campaign 1
2023-03-31T12:49:55.456Z: Status : s2yemnil959403 Failed, Campaign:Testing Campaign 1
2023-03-31T12:49:56.235Z: Status : s2awrpph587154 Sent, Campaign : Testing Campaign 1
2023-03-31T12:49:56.236Z: Campaign: Testing Campaign 1, Result: 3 sent, 7 failed
2023-03-31T12:50:25.875Z: Listening on port 8041
2023-03-31T12:50:25.884Z: Successfully connected to {localhost}
2023-03-31T12:50:28.373Z: {"statusCode":200,"status":true,"message":"Config Added","data":[]}
2023-03-31T12:50:29.594Z: Successfully connected to {data-platform.ckghnqcooulj.ap-southeast-1.redshift.amazonaws.com}
2023-03-31T12:50:44.683Z: Status : s2mmgmqv584475 Failed, Campaign:Testing Campaign 1
2023-03-31T12:50:45.034Z: Status : s2tdtftr239276 Failed, Campaign:Testing Campaign 1
2023-03-31T12:50:45.089Z: Status : s2bcelgz003769 Failed, Campaign:Testing Campaign 1
2023-03-31T12:50:45.332Z: Status : s2oxutki739774 Failed, Campaign:Testing Campaign 1
2023-03-31T12:50:46.087Z: Status : s2nydfrq976541 Sent, Campaign : Testing Campaign 1
2023-03-31T12:50:46.213Z: Status : s2sthajs721606 Failed, Campaign:Testing Campaign 1
2023-03-31T12:50:46.332Z: Status : s2poyuqr641549 Sent, Campaign : Testing Campaign 1
2023-03-31T12:50:46.786Z: Status : s2zkdtrd297338 Failed, Campaign:Testing Campaign 1
2023-03-31T12:50:47.661Z: Status : s2yemnil959403 Failed, Campaign:Testing Campaign 1
2023-03-31T12:50:48.298Z: Status : s2awrpph587154 Sent, Campaign : Testing Campaign 1
2023-03-31T12:50:48.298Z: Campaign: Testing Campaign 1, Result: 3 sent, 7 failed
2023-03-31T12:51:11.660Z: Listening on port 8041
2023-03-31T12:51:11.670Z: Successfully connected to {localhost}
2023-03-31T12:51:14.209Z: Successfully connected to {data-platform.ckghnqcooulj.ap-southeast-1.redshift.amazonaws.com}
2023-03-31T12:51:18.265Z: {"statusCode":200,"status":true,"message":"Config Added","data":[]}
2023-03-31T12:51:35.217Z: Status : s2mmgmqv584475 Failed, Campaign:Testing Campaign 1
2023-03-31T12:51:35.283Z: Status : s2tdtftr239276 Failed, Campaign:Testing Campaign 1
2023-03-31T12:51:36.174Z: Status : s2poyuqr641549 Sent, Campaign : Testing Campaign 1
2023-03-31T12:51:36.231Z: Status : s2sthajs721606 Failed, Campaign:Testing Campaign 1
2023-03-31T12:51:36.305Z: Status : s2oxutki739774 Failed, Campaign:Testing Campaign 1
2023-03-31T12:51:36.307Z: Status : s2nydfrq976541 Sent, Campaign : Testing Campaign 1
2023-03-31T12:51:36.965Z: Status : s2bcelgz003769 Failed, Campaign:Testing Campaign 1
2023-03-31T12:51:37.140Z: Status : s2yemnil959403 Failed, Campaign:Testing Campaign 1
2023-03-31T12:51:37.273Z: Status : s2zkdtrd297338 Failed, Campaign:Testing Campaign 1
2023-03-31T12:51:38.215Z: Status : s2awrpph587154 Sent, Campaign : Testing Campaign 1
2023-03-31T12:51:38.216Z: Campaign: Testing Campaign 1, Result: 3 sent, 7 failed
2023-03-31T12:51:49.075Z: Listening on port 8041
2023-03-31T12:51:49.084Z: Successfully connected to {localhost}
2023-03-31T12:51:52.103Z: Successfully connected to {data-platform.ckghnqcooulj.ap-southeast-1.redshift.amazonaws.com}
2023-03-31T12:51:53.218Z: {"statusCode":200,"status":true,"message":"Config Added","data":[]}
2023-03-31T12:52:10.733Z: Status : s2mmgmqv584475 Failed, Campaign:Testing Campaign 1
2023-03-31T12:52:11.378Z: Status : s2oxutki739774 Failed, Campaign:Testing Campaign 1
2023-03-31T12:52:12.056Z: Status : s2sthajs721606 Failed, Campaign:Testing Campaign 1
2023-03-31T12:52:12.057Z: Status : s2nydfrq976541 Sent, Campaign : Testing Campaign 1
2023-03-31T12:52:12.564Z: Status : s2zkdtrd297338 Failed, Campaign:Testing Campaign 1
2023-03-31T12:52:12.700Z: Status : s2yemnil959403 Failed, Campaign:Testing Campaign 1
2023-03-31T12:52:12.702Z: Status : s2poyuqr641549 Sent, Campaign : Testing Campaign 1
2023-03-31T12:52:13.145Z: Status : s2tdtftr239276 Failed, Campaign:Testing Campaign 1
2023-03-31T12:52:13.249Z: Status : s2bcelgz003769 Failed, Campaign:Testing Campaign 1
2023-03-31T12:52:13.503Z: Status : s2awrpph587154 Sent, Campaign : Testing Campaign 1
2023-03-31T12:52:13.503Z: Campaign: Testing Campaign 1, Result: 3 sent, 7 failed
2023-03-31T12:53:12.843Z: Listening on port 8041
2023-03-31T12:53:12.854Z: Successfully connected to {localhost}
2023-03-31T12:53:16.092Z: Successfully connected to {data-platform.ckghnqcooulj.ap-southeast-1.redshift.amazonaws.com}
2023-03-31T12:56:19.707Z: Listening on port 8041
2023-03-31T12:56:19.719Z: Successfully connected to {localhost}
2023-03-31T12:56:21.930Z: Successfully connected to {data-platform.ckghnqcooulj.ap-southeast-1.redshift.amazonaws.com}
2023-03-31T12:56:31.303Z: {"statusCode":200,"status":true,"message":"Config Added","data":[]}
2023-03-31T12:56:48.943Z: Status : s2tdtftr239276 Failed, Campaign:Testing Campaign 1
2023-03-31T12:56:49.614Z: Status : s2mmgmqv584475 Failed, Campaign:Testing Campaign 1
2023-03-31T12:56:49.741Z: Status : s2poyuqr641549 Sent, Campaign : Testing Campaign 1
2023-03-31T12:56:50.239Z: Status : s2yemnil959403 Failed, Campaign:Testing Campaign 1
2023-03-31T12:56:50.298Z: Status : s2zkdtrd297338 Failed, Campaign:Testing Campaign 1
2023-03-31T12:56:50.363Z: Status : s2oxutki739774 Failed, Campaign:Testing Campaign 1
2023-03-31T12:56:50.489Z: Status : s2bcelgz003769 Failed, Campaign:Testing Campaign 1
2023-03-31T12:56:50.874Z: Status : s2nydfrq976541 Sent, Campaign : Testing Campaign 1
2023-03-31T12:56:51.001Z: Status : s2sthajs721606 Failed, Campaign:Testing Campaign 1
2023-03-31T12:56:51.196Z: Status : s2awrpph587154 Sent, Campaign : Testing Campaign 1
2023-03-31T12:56:51.196Z: Campaign: Testing Campaign 1, Result: 3 sent, 7 failed
2023-03-31T12:58:42.050Z: Listening on port 8041
2023-03-31T12:58:42.060Z: Successfully connected to {localhost}
2023-03-31T12:58:44.594Z: Successfully connected to {data-platform.ckghnqcooulj.ap-southeast-1.redshift.amazonaws.com}
2023-03-31T12:58:46.020Z: {"statusCode":200,"status":true,"message":"Config Added","data":[]}
2023-03-31T12:59:00.902Z: Status : s2tdtftr239276 Failed, Campaign:Testing Campaign 1
2023-03-31T12:59:01.918Z: Status : s2nydfrq976541 Sent, Campaign : Testing Campaign 1
2023-03-31T12:59:02.049Z: Status : s2mmgmqv584475 Failed, Campaign:Testing Campaign 1
2023-03-31T12:59:02.643Z: Status : s2bcelgz003769 Failed, Campaign:Testing Campaign 1
2023-03-31T12:59:02.756Z: Status : s2oxutki739774 Failed, Campaign:Testing Campaign 1
2023-03-31T12:59:02.878Z: Status : s2zkdtrd297338 Failed, Campaign:Testing Campaign 1
2023-03-31T12:59:03.653Z: Status : s2poyuqr641549 Sent, Campaign : Testing Campaign 1
2023-03-31T12:59:03.882Z: Status : s2sthajs721606 Failed, Campaign:Testing Campaign 1
2023-03-31T12:59:04.856Z: Status : s2yemnil959403 Failed, Campaign:Testing Campaign 1
2023-03-31T12:59:05.800Z: Status : s2awrpph587154 Sent, Campaign : Testing Campaign 1
2023-03-31T12:59:05.800Z: Campaign: Testing Campaign 1, Result: 3 sent, 7 failed
2023-03-31T13:00:12.515Z: Listening on port 8041
2023-03-31T13:00:12.527Z: Successfully connected to {localhost}
2023-03-31T13:00:15.141Z: Successfully connected to {data-platform.ckghnqcooulj.ap-southeast-1.redshift.amazonaws.com}
2023-03-31T13:00:18.338Z: {"statusCode":200,"status":true,"message":"Config Added","data":[]}
2023-03-31T13:00:33.289Z: Status : s2tdtftr239276 Failed, Campaign:Testing Campaign 1
2023-03-31T13:00:34.456Z: Status : s2bcelgz003769 Failed, Campaign:Testing Campaign 1
2023-03-31T13:00:34.705Z: Status : s2oxutki739774 Failed, Campaign:Testing Campaign 1
2023-03-31T13:00:35.325Z: Status : s2zkdtrd297338 Failed, Campaign:Testing Campaign 1
2023-03-31T13:00:37.306Z: Status : s2yemnil959403 Failed, Campaign:Testing Campaign 1
2023-03-31T13:00:43.541Z: Status : s2nydfrq976541 Sent, Campaign : Testing Campaign 1
2023-03-31T13:00:44.063Z: Status : s2mmgmqv584475 Failed, Campaign:Testing Campaign 1
2023-03-31T13:00:44.305Z: Status : s2poyuqr641549 Sent, Campaign : Testing Campaign 1
2023-03-31T13:00:44.551Z: Status : s2sthajs721606 Failed, Campaign:Testing Campaign 1
2023-03-31T13:00:44.791Z: Status : s2awrpph587154 Sent, Campaign : Testing Campaign 1
2023-03-31T13:00:44.792Z: Campaign: Testing Campaign 1, Result: 3 sent, 7 failed
2023-03-31T13:05:03.986Z: Listening on port 8041
2023-03-31T13:05:03.999Z: Successfully connected to {localhost}
2023-03-31T13:05:13.903Z: {"statusCode":200,"status":true,"message":"Config Added","data":[]}
2023-03-31T13:05:29.626Z: Successfully connected to {data-platform.ckghnqcooulj.ap-southeast-1.redshift.amazonaws.com}
2023-03-31T13:05:42.697Z: Status : s2bcelgz003769 Failed, Campaign:Testing Campaign 1
2023-03-31T13:05:42.698Z: Status : s2yemnil959403 Failed, Campaign:Testing Campaign 1
2023-03-31T13:05:42.699Z: Status : s2oxutki739774 Failed, Campaign:Testing Campaign 1
2023-03-31T13:05:43.354Z: Status : s2zkdtrd297338 Failed, Campaign:Testing Campaign 1
2023-03-31T13:05:43.355Z: Status : s2tdtftr239276 Failed, Campaign:Testing Campaign 1
2023-03-31T13:05:43.357Z: Status : s2sthajs721606 Failed, Campaign:Testing Campaign 1
2023-03-31T13:05:43.358Z: Status : s2mmgmqv584475 Failed, Campaign:Testing Campaign 1
2023-03-31T13:05:43.358Z: Status : s2nydfrq976541 Sent, Campaign : Testing Campaign 1
2023-03-31T13:05:43.687Z: Status : s2poyuqr641549 Sent, Campaign : Testing Campaign 1
2023-03-31T13:05:43.939Z: Status : s2awrpph587154 Sent, Campaign : Testing Campaign 1
2023-03-31T13:05:43.939Z: Campaign: Testing Campaign 1, Result: 3 sent, 7 failed
