2023-04-17T16:00:57.651Z: Listening on port 8041
2023-04-17T16:00:57.659Z: Successfully connected to {localhost}
2023-04-17T16:02:12.654Z: Error connecting to {data-platform.ckghnqcooulj.ap-southeast-1.redshift.amazonaws.com}
2023-04-17T16:03:35.672Z: {"statusCode":200,"status":true,"message":"Config Added","data":[]}
2023-04-17T16:03:44.937Z: {"statusCode":200,"status":true,"message":"Config Added","data":[]}
2023-04-17T16:03:45.674Z: Config queue count : 2
2023-04-17T16:03:45.674Z: payload : 1
2023-04-17T16:04:26.066Z: Listening on port 8041
2023-04-17T16:04:26.074Z: Successfully connected to {localhost}
2023-04-17T16:04:28.575Z: {"statusCode":200,"status":true,"message":"Config Added","data":[]}
2023-04-17T16:04:38.590Z: Config queue count : 3
2023-04-17T16:04:38.590Z: payload : 3
2023-04-17T16:04:38.966Z: Listening on port 8041
2023-04-17T16:04:38.976Z: Successfully connected to {localhost}
2023-04-17T16:04:50.204Z: {"statusCode":200,"status":true,"message":"Config Added","data":[]}
2023-04-17T16:05:00.218Z: Config queue count : 4
2023-04-17T16:05:00.218Z: payload : 4
2023-04-17T16:05:00.574Z: Listening on port 8041
2023-04-17T16:05:00.585Z: Successfully connected to {localhost}
2023-04-17T16:06:15.729Z: Error connecting to {data-platform.ckghnqcooulj.ap-southeast-1.redshift.amazonaws.com}
2023-04-17T16:06:54.509Z: {"statusCode":200,"status":true,"message":"Config Added","data":[]}
2023-04-17T16:07:04.521Z: Config queue count : 5
2023-04-17T16:07:04.521Z: payload : 5
2023-04-17T16:07:05.084Z: Listening on port 8041
2023-04-17T16:07:05.093Z: Successfully connected to {localhost}
2023-04-17T16:08:03.292Z: {"statusCode":200,"status":true,"message":"Config Added","data":[]}
2023-04-17T16:08:13.297Z: Config queue count : 6
2023-04-17T16:08:13.297Z: payload : 6
2023-04-17T16:08:13.839Z: Listening on port 8041
2023-04-17T16:08:13.847Z: Successfully connected to {localhost}
2023-04-17T16:09:28.843Z: Error connecting to {data-platform.ckghnqcooulj.ap-southeast-1.redshift.amazonaws.com}
2023-04-17T16:11:44.100Z: Error connecting to {data-platform.ckghnqcooulj.ap-southeast-1.redshift.amazonaws.com}
2023-04-17T16:13:59.197Z: Error connecting to {data-platform.ckghnqcooulj.ap-southeast-1.redshift.amazonaws.com}
2023-04-17T16:16:14.298Z: Error connecting to {data-platform.ckghnqcooulj.ap-southeast-1.redshift.amazonaws.com}
2023-04-17T16:18:10.662Z: Listening on port 8041
2023-04-17T16:18:10.678Z: Successfully connected to {localhost}
2023-04-17T16:19:25.665Z: Error connecting to {data-platform.ckghnqcooulj.ap-southeast-1.redshift.amazonaws.com}
2023-04-17T16:21:41.019Z: Error connecting to {data-platform.ckghnqcooulj.ap-southeast-1.redshift.amazonaws.com}
2023-04-17T16:23:30.523Z: {"statusCode":200,"status":true,"message":"Config Added","data":[]}
2023-04-17T16:23:40.525Z: Config queue count : 7
2023-04-17T16:23:40.525Z: payload : 7
2023-04-17T16:23:41.113Z: Listening on port 8041
2023-04-17T16:23:41.121Z: Successfully connected to {localhost}
2023-04-17T16:24:56.117Z: Error connecting to {data-platform.ckghnqcooulj.ap-southeast-1.redshift.amazonaws.com}
2023-04-17T16:27:11.313Z: Error connecting to {data-platform.ckghnqcooulj.ap-southeast-1.redshift.amazonaws.com}
2023-04-17T16:29:26.412Z: Error connecting to {data-platform.ckghnqcooulj.ap-southeast-1.redshift.amazonaws.com}
2023-04-17T16:31:41.547Z: Error connecting to {data-platform.ckghnqcooulj.ap-southeast-1.redshift.amazonaws.com}
2023-04-17T16:33:56.640Z: Error connecting to {data-platform.ckghnqcooulj.ap-southeast-1.redshift.amazonaws.com}
2023-04-17T16:36:11.740Z: Error connecting to {data-platform.ckghnqcooulj.ap-southeast-1.redshift.amazonaws.com}
2023-04-17T16:38:26.832Z: Error connecting to {data-platform.ckghnqcooulj.ap-southeast-1.redshift.amazonaws.com}
2023-04-17T16:40:41.923Z: Error connecting to {data-platform.ckghnqcooulj.ap-southeast-1.redshift.amazonaws.com}
2023-04-17T16:42:57.078Z: Error connecting to {data-platform.ckghnqcooulj.ap-southeast-1.redshift.amazonaws.com}
2023-04-17T16:45:12.327Z: Error connecting to {data-platform.ckghnqcooulj.ap-southeast-1.redshift.amazonaws.com}
2023-04-17T16:47:27.374Z: Error connecting to {data-platform.ckghnqcooulj.ap-southeast-1.redshift.amazonaws.com}
2023-04-17T16:49:42.425Z: Error connecting to {data-platform.ckghnqcooulj.ap-southeast-1.redshift.amazonaws.com}
2023-04-17T16:51:57.465Z: Error connecting to {data-platform.ckghnqcooulj.ap-southeast-1.redshift.amazonaws.com}
2023-04-17T16:54:12.360Z: Error connecting to {data-platform.ckghnqcooulj.ap-southeast-1.redshift.amazonaws.com}
2023-04-17T16:56:27.409Z: Error connecting to {data-platform.ckghnqcooulj.ap-southeast-1.redshift.amazonaws.com}
2023-04-17T16:56:30.970Z: Listening on port 8041
2023-04-17T16:56:30.981Z: Successfully connected to {localhost}
2023-04-17T16:57:45.975Z: Error connecting to {data-platform.ckghnqcooulj.ap-southeast-1.redshift.amazonaws.com}
2023-04-17T18:57:29.347Z: Error connecting to {data-platform.ckghnqcooulj.ap-southeast-1.redshift.amazonaws.com}
2023-04-17T22:32:30.333Z: Error connecting to {data-platform.ckghnqcooulj.ap-southeast-1.redshift.amazonaws.com}
2023-04-18T04:08:24.889Z: Error connecting to {data-platform.ckghnqcooulj.ap-southeast-1.redshift.amazonaws.com}
2023-04-18T07:06:48.593Z: Error connecting to {data-platform.ckghnqcooulj.ap-southeast-1.redshift.amazonaws.com}
2023-04-18T07:09:03.733Z: Error connecting to {data-platform.ckghnqcooulj.ap-southeast-1.redshift.amazonaws.com}
2023-04-18T07:11:18.827Z: Error connecting to {data-platform.ckghnqcooulj.ap-southeast-1.redshift.amazonaws.com}
2023-04-18T07:13:33.929Z: Error connecting to {data-platform.ckghnqcooulj.ap-southeast-1.redshift.amazonaws.com}
2023-04-18T07:15:49.100Z: Error connecting to {data-platform.ckghnqcooulj.ap-southeast-1.redshift.amazonaws.com}
2023-04-18T07:18:04.276Z: Error connecting to {data-platform.ckghnqcooulj.ap-southeast-1.redshift.amazonaws.com}
2023-04-18T07:20:19.511Z: Error connecting to {data-platform.ckghnqcooulj.ap-southeast-1.redshift.amazonaws.com}
2023-04-18T07:22:34.609Z: Error connecting to {data-platform.ckghnqcooulj.ap-southeast-1.redshift.amazonaws.com}
2023-04-18T07:24:49.940Z: Error connecting to {data-platform.ckghnqcooulj.ap-southeast-1.redshift.amazonaws.com}
2023-04-18T07:27:05.031Z: Error connecting to {data-platform.ckghnqcooulj.ap-southeast-1.redshift.amazonaws.com}
2023-04-18T07:29:20.130Z: Error connecting to {data-platform.ckghnqcooulj.ap-southeast-1.redshift.amazonaws.com}
2023-04-18T07:31:35.220Z: Error connecting to {data-platform.ckghnqcooulj.ap-southeast-1.redshift.amazonaws.com}
2023-04-18T07:33:50.318Z: Error connecting to {data-platform.ckghnqcooulj.ap-southeast-1.redshift.amazonaws.com}
2023-04-18T07:36:05.459Z: Error connecting to {data-platform.ckghnqcooulj.ap-southeast-1.redshift.amazonaws.com}
2023-04-18T07:38:20.604Z: Error connecting to {data-platform.ckghnqcooulj.ap-southeast-1.redshift.amazonaws.com}
2023-04-18T07:40:35.916Z: Error connecting to {data-platform.ckghnqcooulj.ap-southeast-1.redshift.amazonaws.com}
2023-04-18T07:42:51.001Z: Error connecting to {data-platform.ckghnqcooulj.ap-southeast-1.redshift.amazonaws.com}
2023-04-18T07:43:45.128Z: Listening on port 8041
2023-04-18T07:43:45.138Z: Successfully connected to {localhost}
2023-04-18T07:45:00.181Z: Error connecting to {data-platform.ckghnqcooulj.ap-southeast-1.redshift.amazonaws.com}
2023-04-18T07:47:15.240Z: Error connecting to {data-platform.ckghnqcooulj.ap-southeast-1.redshift.amazonaws.com}
2023-04-18T07:49:30.281Z: Error connecting to {data-platform.ckghnqcooulj.ap-southeast-1.redshift.amazonaws.com}
2023-04-18T07:51:45.322Z: Error connecting to {data-platform.ckghnqcooulj.ap-southeast-1.redshift.amazonaws.com}
2023-04-18T07:54:00.372Z: Error connecting to {data-platform.ckghnqcooulj.ap-southeast-1.redshift.amazonaws.com}
2023-04-18T07:56:15.445Z: Error connecting to {data-platform.ckghnqcooulj.ap-southeast-1.redshift.amazonaws.com}
2023-04-18T07:56:32.526Z: {"statusCode":200,"status":true,"message":"Config Added","data":[]}
2023-04-18T07:56:42.527Z: Config queue count : 1
2023-04-18T07:56:42.527Z: payload : 1
2023-04-18T07:56:46.030Z: {"statusCode":200,"status":true,"message":"Config Added","data":[]}
2023-04-18T07:56:52.535Z: Config queue count : 1
2023-04-18T07:56:52.535Z: payload : 0
2023-04-18T07:56:56.030Z: Config queue count : 1
2023-04-18T07:56:56.030Z: payload : 1
2023-04-18T07:57:06.044Z: Config queue count : 0
2023-04-18T07:57:06.044Z: payload : 0
2023-04-18T07:57:32.463Z: Listening on port 8041
2023-04-18T07:57:32.472Z: Successfully connected to {localhost}
2023-04-18T07:58:47.463Z: Error connecting to {data-platform.ckghnqcooulj.ap-southeast-1.redshift.amazonaws.com}
2023-04-18T08:01:02.498Z: Error connecting to {data-platform.ckghnqcooulj.ap-southeast-1.redshift.amazonaws.com}
2023-04-18T08:03:17.542Z: Error connecting to {data-platform.ckghnqcooulj.ap-southeast-1.redshift.amazonaws.com}
2023-04-18T08:05:32.589Z: Error connecting to {data-platform.ckghnqcooulj.ap-southeast-1.redshift.amazonaws.com}
2023-04-18T08:07:47.766Z: Error connecting to {data-platform.ckghnqcooulj.ap-southeast-1.redshift.amazonaws.com}
2023-04-18T08:09:14.913Z: {"statusCode":200,"status":true,"message":"Config Added","data":[]}
2023-04-18T08:09:24.915Z: Config queue count : 1
2023-04-18T08:09:24.915Z: payload : 1
2023-04-18T08:09:25.508Z: Listening on port 8041
2023-04-18T08:09:25.516Z: Successfully connected to {localhost}
2023-04-18T08:09:26.044Z: {"statusCode":200,"status":true,"message":"Config Added","data":[]}
2023-04-18T08:09:29.670Z: {"statusCode":200,"status":true,"message":"Config Added","data":[]}
2023-04-18T08:09:36.050Z: Config queue count : 3
2023-04-18T08:09:36.050Z: payload : 2
2023-04-18T08:09:39.672Z: Config queue count : 3
2023-04-18T08:09:39.672Z: payload : 3
2023-04-18T08:09:40.025Z: Listening on port 8041
2023-04-18T08:09:40.036Z: Successfully connected to {localhost}
2023-04-18T08:10:55.026Z: Error connecting to {data-platform.ckghnqcooulj.ap-southeast-1.redshift.amazonaws.com}
2023-04-18T08:13:10.076Z: Error connecting to {data-platform.ckghnqcooulj.ap-southeast-1.redshift.amazonaws.com}
2023-04-18T08:15:25.284Z: Error connecting to {data-platform.ckghnqcooulj.ap-southeast-1.redshift.amazonaws.com}
2023-04-18T08:17:40.557Z: Error connecting to {data-platform.ckghnqcooulj.ap-southeast-1.redshift.amazonaws.com}
2023-04-18T08:19:55.615Z: Error connecting to {data-platform.ckghnqcooulj.ap-southeast-1.redshift.amazonaws.com}
2023-04-18T08:22:10.664Z: Error connecting to {data-platform.ckghnqcooulj.ap-southeast-1.redshift.amazonaws.com}
2023-04-18T08:24:25.727Z: Error connecting to {data-platform.ckghnqcooulj.ap-southeast-1.redshift.amazonaws.com}
2023-04-18T08:26:40.959Z: Error connecting to {data-platform.ckghnqcooulj.ap-southeast-1.redshift.amazonaws.com}
2023-04-18T08:28:56.051Z: Error connecting to {data-platform.ckghnqcooulj.ap-southeast-1.redshift.amazonaws.com}
2023-04-18T08:29:33.896Z: {"statusCode":200,"status":true,"message":"Config Added","data":[]}
2023-04-18T08:29:43.897Z: Config queue count : 4
2023-04-18T08:29:43.897Z: payload : 4
2023-04-18T08:29:44.445Z: Listening on port 8041
2023-04-18T08:29:44.459Z: Successfully connected to {localhost}
2023-04-18T08:30:59.444Z: Error connecting to {data-platform.ckghnqcooulj.ap-southeast-1.redshift.amazonaws.com}
2023-04-18T08:33:14.642Z: Error connecting to {data-platform.ckghnqcooulj.ap-southeast-1.redshift.amazonaws.com}
2023-04-18T08:33:51.950Z: {"statusCode":200,"status":true,"message":"Config Added","data":[]}
2023-04-18T08:34:20.751Z: Listening on port 8041
2023-04-18T08:34:20.761Z: Successfully connected to {localhost}
2023-04-18T08:34:57.748Z: Listening on port 8041
2023-04-18T08:34:57.756Z: Successfully connected to {localhost}
2023-04-18T08:35:55.783Z: Listening on port 8041
2023-04-18T08:35:55.794Z: Successfully connected to {localhost}
2023-04-18T08:36:55.085Z: Listening on port 8041
2023-04-18T08:36:55.113Z: Successfully connected to {localhost}
2023-04-18T08:38:10.090Z: Error connecting to {data-platform.ckghnqcooulj.ap-southeast-1.redshift.amazonaws.com}
2023-04-18T08:40:25.168Z: Error connecting to {data-platform.ckghnqcooulj.ap-southeast-1.redshift.amazonaws.com}
2023-04-18T08:43:53.356Z: Listening on port 8041
2023-04-18T08:43:53.375Z: Successfully connected to {localhost}
2023-04-18T08:45:08.366Z: Error connecting to {data-platform.ckghnqcooulj.ap-southeast-1.redshift.amazonaws.com}
2023-04-18T08:47:23.429Z: Error connecting to {data-platform.ckghnqcooulj.ap-southeast-1.redshift.amazonaws.com}
2023-04-18T08:47:30.117Z: Listening on port 8041
2023-04-18T08:47:30.141Z: Successfully connected to {localhost}
2023-04-18T08:47:52.034Z: Listening on port 8041
2023-04-18T08:47:52.057Z: Successfully connected to {localhost}
2023-04-18T08:48:24.506Z: Config queue count : 3
2023-04-18T08:48:24.506Z: payload : 3
2023-04-18T08:48:25.242Z: Listening on port 8041
2023-04-18T08:48:25.261Z: Successfully connected to {localhost}
2023-04-18T08:49:40.245Z: Error connecting to {data-platform.ckghnqcooulj.ap-southeast-1.redshift.amazonaws.com}
2023-04-18T08:51:55.342Z: Error connecting to {data-platform.ckghnqcooulj.ap-southeast-1.redshift.amazonaws.com}
2023-04-18T08:54:10.370Z: Error connecting to {data-platform.ckghnqcooulj.ap-southeast-1.redshift.amazonaws.com}
